******************************************************************************
                  TI ARM Linker PC v5.2.6                      
******************************************************************************
>> Linked Tue Feb 16 13:51:44 2016

OUTPUT FILE NAME:   <ECE461_Challenge1.out>
ENTRY POINT SYMBOL: "_c_int00"  address: 00001469


MEMORY CONFIGURATION

         name            origin    length      used     unused   attr    fill
----------------------  --------  ---------  --------  --------  ----  --------
  MAIN                  00000000   00040000  00001830  0003e7d0  R  X
  INFO                  00200000   00004000  00000000  00004000  R  X
  SRAM_CODE             01000000   00010000  00000000  00010000  RW X
  SRAM_DATA             20000000   00010000  0000025a  0000fda6  RW  


SEGMENT ALLOCATION MAP

run origin  load origin   length   init length attrs members
----------  ----------- ---------- ----------- ----- -------
00000000    00000000    00001830   00001830    r-x
  00000000    00000000    00000140   00000140    r-- .intvecs
  00000140    00000140    00001688   00001688    r-x .text
  000017c8    000017c8    00000068   00000068    r-- .cinit
20000000    20000000    0000005a   00000000    rw-
  20000000    20000000    0000005a   00000000    rw- .data
2000fe00    2000fe00    00000200   00000000    rw-
  2000fe00    2000fe00    00000200   00000000    rw- .stack


SECTION ALLOCATION MAP

 output                                  attributes/
section   page    origin      length       input sections
--------  ----  ----------  ----------   ----------------
.intvecs   0    00000000    00000140     
                  00000000    00000140     startup_msp432p401r_ccs.obj (.intvecs:retain)

.text      0    00000140    00001688     
                  00000140    00000348     system_msp432p401r.obj (.text)
                  00000488    000001d4     msp432p4xx_driverlib.lib : flash.o (.text:FlashCtl_verifyMemory)
                  0000065c    0000018c     main.obj (.text)
                  000007e8    00000180     msp432p4xx_driverlib.lib : flash.o (.text:_FlashCtl_ProgramBurst)
                  00000968    000000fa                              : flash.o (.text:FlashCtl_programMemory)
                  00000a62    00000002     --HOLE-- [fill = 0]
                  00000a64    000000ec                              : flash.o (.text:FlashCtl_eraseSector)
                  00000b50    000000e4                              : flash.o (.text:__FlashCtl_remaskBurstDataPost)
                  00000c34    000000e4                              : flash.o (.text:__FlashCtl_remaskBurstDataPre)
                  00000d18    000000dc                              : pcm.o (.text:__PCM_setPowerModeAdvanced)
                  00000df4    000000b0                              : flash.o (.text:_FlashCtl_Program32)
                  00000ea4    000000b0                              : pcm.o (.text:__PCM_setCoreVoltageLevelAdvanced)
                  00000f54    000000ac                              : flash.o (.text:__FlashCtl_remaskData32Post)
                  00001000    000000ac                              : flash.o (.text:__FlashCtl_remaskData32Pre)
                  000010ac    000000a8                              : flash.o (.text:_FlashCtl_Program8)
                  00001154    0000009c     rtsv7M4_T_le_v4SPD16_eabi.lib : memcpy_t2.obj (.text)
                  000011f0    0000007a                                   : memset_t2.obj (.text)
                  0000126a    00000002     --HOLE-- [fill = 0]
                  0000126c    0000006c     msp432p4xx_driverlib.lib : flash.o (.text:__FlashCtl_remaskData8Pre)
                  000012d8    0000006c     rtsv7M4_T_le_v4SPD16_eabi.lib : autoinit.obj (.text)
                  00001344    0000006a                                   : copy_decompress_rle.obj (.text)
                  000013ae    00000002     --HOLE-- [fill = 0]
                  000013b0    00000068     msp432p4xx_driverlib.lib : flash.o (.text:__FlashCtl_remaskData8Post)
                  00001418    00000050                              : sysctl.o (.text:SysCtl_getTLVInfo)
                  00001468    00000050     rtsv7M4_T_le_v4SPD16_eabi.lib : boot.obj (.text)
                  000014b8    0000004c     msp432p4xx_driverlib.lib : flash.o (.text:FlashCtl_setReadMode)
                  00001504    0000004c     rtsv7M4_T_le_v4SPD16_eabi.lib : cpy_tbl.obj (.text)
                  00001550    00000044                                   : exit.obj (.text)
                  00001594    0000003c     msp432p4xx_driverlib.lib : flash.o (.text:FlashCtl_clearProgramVerification)
                  000015d0    00000038                              : flash.o (.text:FlashCtl_setProgramVerification)
                  00001608    0000002c                              : pcm.o (.text:PCM_getCoreVoltageLevel)
                  00001634    0000002a                              : pcm.o (.text:PCM_getPowerMode)
                  0000165e    00000002     --HOLE-- [fill = 0]
                  00001660    00000028                              : flash.o (.text:FlashCtl_setWaitState)
                  00001688    00000024                              : flash.o (.text:FlashCtl_getReadMode)
                  000016ac    00000020                              : flash.o (.text:FlashCtl_enableWordProgramming)
                  000016cc    0000001c                              : flash.o (.text:FlashCtl_getWaitState)
                  000016e8    00000018     rtsv7M4_T_le_v4SPD16_eabi.lib : args_main.obj (.text)
                  00001700    00000014                                   : _lock.obj (.text)
                  00001714    00000012     startup_msp432p401r_ccs.obj (.text)
                  00001726    00000002     --HOLE-- [fill = 0]
                  00001728    00000010     msp432p4xx_driverlib.lib : flash.o (.text:FlashCtl_disableWordProgramming)
                  00001738    00000010                              : interrupt.o (.text:Interrupt_disableMaster)
                  00001748    00000010                              : interrupt.o (.text:Interrupt_enableMaster)
                  00001758    0000000e     rtsv7M4_T_le_v4SPD16_eabi.lib : copy_decompress_none.obj (.text:decompress:none)
                  00001766    0000000c     msp432p4xx_driverlib.lib : cpu.o (.text:CPU_cpsid)
                  00001772    0000000c                              : cpu.o (.text:CPU_cpsie)
                  0000177e    00000002     --HOLE-- [fill = 0]
                  00001780    0000000c                              : flash.o (.text:FlashCtl_getInterruptStatus)
                  0000178c    0000000c                              : pcm.o (.text:PCM_getPowerState)
                  00001798    0000000c                              : sysctl.o (.text:SysCtl_getFlashSize)
                  000017a4    0000000a                              : cpu.o (.text:CPU_primask)
                  000017ae    00000008                              : pcm.o (.text:PCM_setCoreVoltageLevel)
                  000017b6    00000008                              : pcm.o (.text:PCM_setPowerMode)
                  000017be    00000006     rtsv7M4_T_le_v4SPD16_eabi.lib : copy_decompress_rle.obj (.text:decompress:rle24)
                  000017c4    00000004                                   : pre_init.obj (.text)

.cinit     0    000017c8    00000068     
                  000017c8    00000055     (.cinit..data.load) [load image, compression = rle]
                  0000181d    00000003     --HOLE-- [fill = 0]
                  00001820    00000008     (__TI_handler_table)
                  00001828    00000008     (__TI_cinit_table)

.init_array 
*          0    00000000    00000000     UNINITIALIZED

.data      0    20000000    0000005a     UNINITIALIZED
                  20000000    00000040     msp432p4xx_driverlib.lib : flash.o (.data:__getBurstProgramRegs)
                  20000040    00000008     rtsv7M4_T_le_v4SPD16_eabi.lib : _lock.obj (.data)
                  20000048    00000008                                   : exit.obj (.data)
                  20000050    00000004                                   : stkdepth_vars.obj (.data)
                  20000054    00000004     system_msp432p401r.obj (.data)
                  20000058    00000002     main.obj (.data)

.TI.persistent 
*          0    20000000    00000000     UNINITIALIZED

.stack     0    2000fe00    00000200     UNINITIALIZED
                  2000fe00    00000200     --HOLE--


LINKER GENERATED COPY TABLES

__TI_cinit_table @ 00001828 records: 1, size/record: 8, table size: 8
	.data: load addr=000017c8, load size=00000055 bytes, run addr=20000000, run size=0000005a bytes, compression=rle


LINKER GENERATED HANDLER TABLE

__TI_handler_table @ 00001820 records: 2, size/record: 4, table size: 8
	index: 0, handler: __TI_decompress_rle24
	index: 1, handler: __TI_decompress_none


GLOBAL SYMBOLS: SORTED ALPHABETICALLY BY Name 

address   name                             
-------   ----                             
00001551  C$$EXIT                          
00001767  CPU_cpsid                        
00001773  CPU_cpsie                        
000017a5  CPU_primask                      
00001595  FlashCtl_clearProgramVerification
00001729  FlashCtl_disableWordProgramming  
000016ad  FlashCtl_enableWordProgramming   
00000a65  FlashCtl_eraseSector             
00001781  FlashCtl_getInterruptStatus      
00001689  FlashCtl_getReadMode             
000016cd  FlashCtl_getWaitState            
00000969  FlashCtl_programMemory           
000015d1  FlashCtl_setProgramVerification  
000014b9  FlashCtl_setReadMode             
00001661  FlashCtl_setWaitState            
00000489  FlashCtl_verifyMemory            
00001739  Interrupt_disableMaster          
00001749  Interrupt_enableMaster           
00001609  PCM_getCoreVoltageLevel          
00001635  PCM_getPowerMode                 
0000178d  PCM_getPowerState                
000017af  PCM_setCoreVoltageLevel          
000017b7  PCM_setPowerMode                 
UNDEFED   SHT$$INIT_ARRAY$$Base            
UNDEFED   SHT$$INIT_ARRAY$$Limit           
00001799  SysCtl_getFlashSize              
00001419  SysCtl_getTLVInfo                
20000054  SystemCoreClock                  
00000141  SystemCoreClockUpdate            
000003b5  SystemInit                       
4000480c  WDTCTL_SYM                       
00000b51  __FlashCtl_remaskBurstDataPost   
00000c35  __FlashCtl_remaskBurstDataPre    
00000f55  __FlashCtl_remaskData32Post      
00001001  __FlashCtl_remaskData32Pre       
000013b1  __FlashCtl_remaskData8Post       
0000126d  __FlashCtl_remaskData8Pre        
20010000  __STACK_END                      
00000200  __STACK_SIZE                     
00001828  __TI_CINIT_Base                  
00001830  __TI_CINIT_Limit                 
00001820  __TI_Handler_Table_Base          
00001828  __TI_Handler_Table_Limit         
000012d9  __TI_auto_init                   
20000048  __TI_cleanup_ptr                 
00001759  __TI_decompress_none             
000017bf  __TI_decompress_rle24            
2000004c  __TI_dtors_ptr                   
00000000  __TI_static_base__               
000011f1  __aeabi_memclr                   
000011f1  __aeabi_memclr4                  
000011f1  __aeabi_memclr8                  
00001155  __aeabi_memcpy                   
00001155  __aeabi_memcpy4                  
00001155  __aeabi_memcpy8                  
000011f3  __aeabi_memset                   
000011f3  __aeabi_memset4                  
000011f3  __aeabi_memset8                  
ffffffff  __binit__                        
ffffffff  __c_args__                       
2000fe00  __stack                          
000016e9  _args_main                       
00001469  _c_int00                         
20000040  _lock                            
0000170f  _nop                             
00001707  _register_lock                   
00001701  _register_unlock                 
000017c5  _system_pre_init                 
20000044  _unlock                          
00001555  abort                            
ffffffff  binit                            
00001505  copy_in                          
000006a5  delay_1sec                       
0000155d  exit                             
00000000  interruptVectors                 
000006cb  main                             
20000050  main_func_sp                     
00001155  memcpy                           
20000058  memoryOffset                     
000011f9  memset                           
0000065d  port_init                        


GLOBAL SYMBOLS: SORTED BY Symbol Address 

address   name                             
-------   ----                             
00000000  __TI_static_base__               
00000000  interruptVectors                 
00000141  SystemCoreClockUpdate            
00000200  __STACK_SIZE                     
000003b5  SystemInit                       
00000489  FlashCtl_verifyMemory            
0000065d  port_init                        
000006a5  delay_1sec                       
000006cb  main                             
00000969  FlashCtl_programMemory           
00000a65  FlashCtl_eraseSector             
00000b51  __FlashCtl_remaskBurstDataPost   
00000c35  __FlashCtl_remaskBurstDataPre    
00000f55  __FlashCtl_remaskData32Post      
00001001  __FlashCtl_remaskData32Pre       
00001155  __aeabi_memcpy                   
00001155  __aeabi_memcpy4                  
00001155  __aeabi_memcpy8                  
00001155  memcpy                           
000011f1  __aeabi_memclr                   
000011f1  __aeabi_memclr4                  
000011f1  __aeabi_memclr8                  
000011f3  __aeabi_memset                   
000011f3  __aeabi_memset4                  
000011f3  __aeabi_memset8                  
000011f9  memset                           
0000126d  __FlashCtl_remaskData8Pre        
000012d9  __TI_auto_init                   
000013b1  __FlashCtl_remaskData8Post       
00001419  SysCtl_getTLVInfo                
00001469  _c_int00                         
000014b9  FlashCtl_setReadMode             
00001505  copy_in                          
00001551  C$$EXIT                          
00001555  abort                            
0000155d  exit                             
00001595  FlashCtl_clearProgramVerification
000015d1  FlashCtl_setProgramVerification  
00001609  PCM_getCoreVoltageLevel          
00001635  PCM_getPowerMode                 
00001661  FlashCtl_setWaitState            
00001689  FlashCtl_getReadMode             
000016ad  FlashCtl_enableWordProgramming   
000016cd  FlashCtl_getWaitState            
000016e9  _args_main                       
00001701  _register_unlock                 
00001707  _register_lock                   
0000170f  _nop                             
00001729  FlashCtl_disableWordProgramming  
00001739  Interrupt_disableMaster          
00001749  Interrupt_enableMaster           
00001759  __TI_decompress_none             
00001767  CPU_cpsid                        
00001773  CPU_cpsie                        
00001781  FlashCtl_getInterruptStatus      
0000178d  PCM_getPowerState                
00001799  SysCtl_getFlashSize              
000017a5  CPU_primask                      
000017af  PCM_setCoreVoltageLevel          
000017b7  PCM_setPowerMode                 
000017bf  __TI_decompress_rle24            
000017c5  _system_pre_init                 
00001820  __TI_Handler_Table_Base          
00001828  __TI_CINIT_Base                  
00001828  __TI_Handler_Table_Limit         
00001830  __TI_CINIT_Limit                 
20000040  _lock                            
20000044  _unlock                          
20000048  __TI_cleanup_ptr                 
2000004c  __TI_dtors_ptr                   
20000050  main_func_sp                     
20000054  SystemCoreClock                  
20000058  memoryOffset                     
2000fe00  __stack                          
20010000  __STACK_END                      
4000480c  WDTCTL_SYM                       
ffffffff  __binit__                        
ffffffff  __c_args__                       
ffffffff  binit                            
UNDEFED   SHT$$INIT_ARRAY$$Base            
UNDEFED   SHT$$INIT_ARRAY$$Limit           

[81 symbols]
