******************************************************************************
                  TI ARM Linker PC v5.2.6                      
******************************************************************************
>> Linked Mon Feb 15 16:43:31 2016

OUTPUT FILE NAME:   <ECE461_Challenge1.out>
ENTRY POINT SYMBOL: "_c_int00"  address: 00001479


MEMORY CONFIGURATION

         name            origin    length      used     unused   attr    fill
----------------------  --------  ---------  --------  --------  ----  --------
  MAIN                  00000000   00040000  0000183c  0003e7c4  R  X
  INFO                  00200000   00004000  00000000  00004000  R  X
  SRAM_CODE             01000000   00010000  00000000  00010000  RW X
  SRAM_DATA             20000000   00010000  00000259  0000fda7  RW  


SEGMENT ALLOCATION MAP

run origin  load origin   length   init length attrs members
----------  ----------- ---------- ----------- ----- -------
00000000    00000000    0000183c   0000183c    r-x
  00000000    00000000    00000140   00000140    r-- .intvecs
  00000140    00000140    00001698   00001698    r-x .text
  000017d8    000017d8    00000064   00000064    r-- .cinit
20000000    20000000    00000059   00000000    rw-
  20000000    20000000    00000059   00000000    rw- .data
2000fe00    2000fe00    00000200   00000000    rw-
  2000fe00    2000fe00    00000200   00000000    rw- .stack


SECTION ALLOCATION MAP

 output                                  attributes/
section   page    origin      length       input sections
--------  ----  ----------  ----------   ----------------
.intvecs   0    00000000    00000140     
                  00000000    00000140     startup_msp432p401r_ccs.obj (.intvecs:retain)

.text      0    00000140    00001698     
                  00000140    00000348     system_msp432p401r.obj (.text)
                  00000488    000001d4     msp432p4xx_driverlib.lib : flash.o (.text:FlashCtl_verifyMemory)
                  0000065c    0000019c     main.obj (.text)
                  000007f8    00000180     msp432p4xx_driverlib.lib : flash.o (.text:_FlashCtl_ProgramBurst)
                  00000978    000000fa                              : flash.o (.text:FlashCtl_programMemory)
                  00000a72    00000002     --HOLE-- [fill = 0]
                  00000a74    000000ec                              : flash.o (.text:FlashCtl_eraseSector)
                  00000b60    000000e4                              : flash.o (.text:__FlashCtl_remaskBurstDataPost)
                  00000c44    000000e4                              : flash.o (.text:__FlashCtl_remaskBurstDataPre)
                  00000d28    000000dc                              : pcm.o (.text:__PCM_setPowerModeAdvanced)
                  00000e04    000000b0                              : flash.o (.text:_FlashCtl_Program32)
                  00000eb4    000000b0                              : pcm.o (.text:__PCM_setCoreVoltageLevelAdvanced)
                  00000f64    000000ac                              : flash.o (.text:__FlashCtl_remaskData32Post)
                  00001010    000000ac                              : flash.o (.text:__FlashCtl_remaskData32Pre)
                  000010bc    000000a8                              : flash.o (.text:_FlashCtl_Program8)
                  00001164    0000009c     rtsv7M4_T_le_v4SPD16_eabi.lib : memcpy_t2.obj (.text)
                  00001200    0000007a                                   : memset_t2.obj (.text)
                  0000127a    00000002     --HOLE-- [fill = 0]
                  0000127c    0000006c     msp432p4xx_driverlib.lib : flash.o (.text:__FlashCtl_remaskData8Pre)
                  000012e8    0000006c     rtsv7M4_T_le_v4SPD16_eabi.lib : autoinit.obj (.text)
                  00001354    0000006a                                   : copy_decompress_rle.obj (.text)
                  000013be    00000002     --HOLE-- [fill = 0]
                  000013c0    00000068     msp432p4xx_driverlib.lib : flash.o (.text:__FlashCtl_remaskData8Post)
                  00001428    00000050                              : sysctl.o (.text:SysCtl_getTLVInfo)
                  00001478    00000050     rtsv7M4_T_le_v4SPD16_eabi.lib : boot.obj (.text)
                  000014c8    0000004c     msp432p4xx_driverlib.lib : flash.o (.text:FlashCtl_setReadMode)
                  00001514    0000004c     rtsv7M4_T_le_v4SPD16_eabi.lib : cpy_tbl.obj (.text)
                  00001560    00000044                                   : exit.obj (.text)
                  000015a4    0000003c     msp432p4xx_driverlib.lib : flash.o (.text:FlashCtl_clearProgramVerification)
                  000015e0    00000038                              : flash.o (.text:FlashCtl_setProgramVerification)
                  00001618    0000002c                              : pcm.o (.text:PCM_getCoreVoltageLevel)
                  00001644    0000002a                              : pcm.o (.text:PCM_getPowerMode)
                  0000166e    00000002     --HOLE-- [fill = 0]
                  00001670    00000028                              : flash.o (.text:FlashCtl_setWaitState)
                  00001698    00000024                              : flash.o (.text:FlashCtl_getReadMode)
                  000016bc    00000020                              : flash.o (.text:FlashCtl_enableWordProgramming)
                  000016dc    0000001c                              : flash.o (.text:FlashCtl_getWaitState)
                  000016f8    00000018     rtsv7M4_T_le_v4SPD16_eabi.lib : args_main.obj (.text)
                  00001710    00000014                                   : _lock.obj (.text)
                  00001724    00000012     startup_msp432p401r_ccs.obj (.text)
                  00001736    00000002     --HOLE-- [fill = 0]
                  00001738    00000010     msp432p4xx_driverlib.lib : flash.o (.text:FlashCtl_disableWordProgramming)
                  00001748    00000010                              : interrupt.o (.text:Interrupt_disableMaster)
                  00001758    00000010                              : interrupt.o (.text:Interrupt_enableMaster)
                  00001768    0000000e     rtsv7M4_T_le_v4SPD16_eabi.lib : copy_decompress_none.obj (.text:decompress:none)
                  00001776    0000000c     msp432p4xx_driverlib.lib : cpu.o (.text:CPU_cpsid)
                  00001782    0000000c                              : cpu.o (.text:CPU_cpsie)
                  0000178e    00000002     --HOLE-- [fill = 0]
                  00001790    0000000c                              : flash.o (.text:FlashCtl_getInterruptStatus)
                  0000179c    0000000c                              : pcm.o (.text:PCM_getPowerState)
                  000017a8    0000000c                              : sysctl.o (.text:SysCtl_getFlashSize)
                  000017b4    0000000a                              : cpu.o (.text:CPU_primask)
                  000017be    00000008                              : pcm.o (.text:PCM_setCoreVoltageLevel)
                  000017c6    00000008                              : pcm.o (.text:PCM_setPowerMode)
                  000017ce    00000006     rtsv7M4_T_le_v4SPD16_eabi.lib : copy_decompress_rle.obj (.text:decompress:rle24)
                  000017d4    00000004                                   : pre_init.obj (.text)

.cinit     0    000017d8    00000064     
                  000017d8    00000054     (.cinit..data.load) [load image, compression = rle]
                  0000182c    00000008     (__TI_handler_table)
                  00001834    00000008     (__TI_cinit_table)

.init_array 
*          0    00000000    00000000     UNINITIALIZED

.data      0    20000000    00000059     UNINITIALIZED
                  20000000    00000040     msp432p4xx_driverlib.lib : flash.o (.data:__getBurstProgramRegs)
                  20000040    00000008     rtsv7M4_T_le_v4SPD16_eabi.lib : _lock.obj (.data)
                  20000048    00000008                                   : exit.obj (.data)
                  20000050    00000004                                   : stkdepth_vars.obj (.data)
                  20000054    00000004     system_msp432p401r.obj (.data)
                  20000058    00000001     main.obj (.data)

.TI.persistent 
*          0    20000000    00000000     UNINITIALIZED

.stack     0    2000fe00    00000200     UNINITIALIZED
                  2000fe00    00000200     --HOLE--


LINKER GENERATED COPY TABLES

__TI_cinit_table @ 00001834 records: 1, size/record: 8, table size: 8
	.data: load addr=000017d8, load size=00000054 bytes, run addr=20000000, run size=00000059 bytes, compression=rle


LINKER GENERATED HANDLER TABLE

__TI_handler_table @ 0000182c records: 2, size/record: 4, table size: 8
	index: 0, handler: __TI_decompress_rle24
	index: 1, handler: __TI_decompress_none


GLOBAL SYMBOLS: SORTED ALPHABETICALLY BY Name 

address   name                             
-------   ----                             
00001561  C$$EXIT                          
00001777  CPU_cpsid                        
00001783  CPU_cpsie                        
000017b5  CPU_primask                      
000015a5  FlashCtl_clearProgramVerification
00001739  FlashCtl_disableWordProgramming  
000016bd  FlashCtl_enableWordProgramming   
00000a75  FlashCtl_eraseSector             
00001791  FlashCtl_getInterruptStatus      
00001699  FlashCtl_getReadMode             
000016dd  FlashCtl_getWaitState            
00000979  FlashCtl_programMemory           
000015e1  FlashCtl_setProgramVerification  
000014c9  FlashCtl_setReadMode             
00001671  FlashCtl_setWaitState            
00000489  FlashCtl_verifyMemory            
00001749  Interrupt_disableMaster          
00001759  Interrupt_enableMaster           
00001619  PCM_getCoreVoltageLevel          
00001645  PCM_getPowerMode                 
0000179d  PCM_getPowerState                
000017bf  PCM_setCoreVoltageLevel          
000017c7  PCM_setPowerMode                 
UNDEFED   SHT$$INIT_ARRAY$$Base            
UNDEFED   SHT$$INIT_ARRAY$$Limit           
000017a9  SysCtl_getFlashSize              
00001429  SysCtl_getTLVInfo                
20000054  SystemCoreClock                  
00000141  SystemCoreClockUpdate            
000003b5  SystemInit                       
4000480c  WDTCTL_SYM                       
00000b61  __FlashCtl_remaskBurstDataPost   
00000c45  __FlashCtl_remaskBurstDataPre    
00000f65  __FlashCtl_remaskData32Post      
00001011  __FlashCtl_remaskData32Pre       
000013c1  __FlashCtl_remaskData8Post       
0000127d  __FlashCtl_remaskData8Pre        
20010000  __STACK_END                      
00000200  __STACK_SIZE                     
00001834  __TI_CINIT_Base                  
0000183c  __TI_CINIT_Limit                 
0000182c  __TI_Handler_Table_Base          
00001834  __TI_Handler_Table_Limit         
000012e9  __TI_auto_init                   
20000048  __TI_cleanup_ptr                 
00001769  __TI_decompress_none             
000017cf  __TI_decompress_rle24            
2000004c  __TI_dtors_ptr                   
00000000  __TI_static_base__               
00001201  __aeabi_memclr                   
00001201  __aeabi_memclr4                  
00001201  __aeabi_memclr8                  
00001165  __aeabi_memcpy                   
00001165  __aeabi_memcpy4                  
00001165  __aeabi_memcpy8                  
00001203  __aeabi_memset                   
00001203  __aeabi_memset4                  
00001203  __aeabi_memset8                  
ffffffff  __binit__                        
ffffffff  __c_args__                       
2000fe00  __stack                          
000016f9  _args_main                       
00001479  _c_int00                         
20000040  _lock                            
0000171f  _nop                             
00001717  _register_lock                   
00001711  _register_unlock                 
000017d5  _system_pre_init                 
20000044  _unlock                          
00001565  abort                            
ffffffff  binit                            
00001515  copy_in                          
000006a5  delay_1sec                       
0000156d  exit                             
00000000  interruptVectors                 
000006cb  main                             
20000050  main_func_sp                     
00001165  memcpy                           
20000058  memoryOffset                     
00001209  memset                           
0000065d  port_init                        


GLOBAL SYMBOLS: SORTED BY Symbol Address 

address   name                             
-------   ----                             
00000000  __TI_static_base__               
00000000  interruptVectors                 
00000141  SystemCoreClockUpdate            
00000200  __STACK_SIZE                     
000003b5  SystemInit                       
00000489  FlashCtl_verifyMemory            
0000065d  port_init                        
000006a5  delay_1sec                       
000006cb  main                             
00000979  FlashCtl_programMemory           
00000a75  FlashCtl_eraseSector             
00000b61  __FlashCtl_remaskBurstDataPost   
00000c45  __FlashCtl_remaskBurstDataPre    
00000f65  __FlashCtl_remaskData32Post      
00001011  __FlashCtl_remaskData32Pre       
00001165  __aeabi_memcpy                   
00001165  __aeabi_memcpy4                  
00001165  __aeabi_memcpy8                  
00001165  memcpy                           
00001201  __aeabi_memclr                   
00001201  __aeabi_memclr4                  
00001201  __aeabi_memclr8                  
00001203  __aeabi_memset                   
00001203  __aeabi_memset4                  
00001203  __aeabi_memset8                  
00001209  memset                           
0000127d  __FlashCtl_remaskData8Pre        
000012e9  __TI_auto_init                   
000013c1  __FlashCtl_remaskData8Post       
00001429  SysCtl_getTLVInfo                
00001479  _c_int00                         
000014c9  FlashCtl_setReadMode             
00001515  copy_in                          
00001561  C$$EXIT                          
00001565  abort                            
0000156d  exit                             
000015a5  FlashCtl_clearProgramVerification
000015e1  FlashCtl_setProgramVerification  
00001619  PCM_getCoreVoltageLevel          
00001645  PCM_getPowerMode                 
00001671  FlashCtl_setWaitState            
00001699  FlashCtl_getReadMode             
000016bd  FlashCtl_enableWordProgramming   
000016dd  FlashCtl_getWaitState            
000016f9  _args_main                       
00001711  _register_unlock                 
00001717  _register_lock                   
0000171f  _nop                             
00001739  FlashCtl_disableWordProgramming  
00001749  Interrupt_disableMaster          
00001759  Interrupt_enableMaster           
00001769  __TI_decompress_none             
00001777  CPU_cpsid                        
00001783  CPU_cpsie                        
00001791  FlashCtl_getInterruptStatus      
0000179d  PCM_getPowerState                
000017a9  SysCtl_getFlashSize              
000017b5  CPU_primask                      
000017bf  PCM_setCoreVoltageLevel          
000017c7  PCM_setPowerMode                 
000017cf  __TI_decompress_rle24            
000017d5  _system_pre_init                 
0000182c  __TI_Handler_Table_Base          
00001834  __TI_CINIT_Base                  
00001834  __TI_Handler_Table_Limit         
0000183c  __TI_CINIT_Limit                 
20000040  _lock                            
20000044  _unlock                          
20000048  __TI_cleanup_ptr                 
2000004c  __TI_dtors_ptr                   
20000050  main_func_sp                     
20000054  SystemCoreClock                  
20000058  memoryOffset                     
2000fe00  __stack                          
20010000  __STACK_END                      
4000480c  WDTCTL_SYM                       
ffffffff  __binit__                        
ffffffff  __c_args__                       
ffffffff  binit                            
UNDEFED   SHT$$INIT_ARRAY$$Base            
UNDEFED   SHT$$INIT_ARRAY$$Limit           

[81 symbols]
