******************************************************************************
                  TI ARM Linker PC v5.2.6                      
******************************************************************************
>> Linked Mon Feb 15 10:05:42 2016

OUTPUT FILE NAME:   <ECE461_Challenge1.out>
ENTRY POINT SYMBOL: "_c_int00"  address: 000012c9


MEMORY CONFIGURATION

         name            origin    length      used     unused   attr    fill
----------------------  --------  ---------  --------  --------  ----  --------
  MAIN                  00000000   00040000  00001618  0003e9e8  R  X
  INFO                  00200000   00004000  00000000  00004000  R  X
  SRAM_CODE             01000000   00010000  00000000  00010000  RW X
  SRAM_DATA             20000000   00010000  00000259  0000fda7  RW  


SEGMENT ALLOCATION MAP

run origin  load origin   length   init length attrs members
----------  ----------- ---------- ----------- ----- -------
00000000    00000000    0000161c   0000161c    r-x
  00000000    00000000    00000140   00000140    r-- .intvecs
  00000140    00000140    00001474   00001474    r-x .text
  000015b8    000015b8    00000064   00000064    r-- .cinit
20000000    20000000    00000059   00000000    rw-
  20000000    20000000    00000059   00000000    rw- .data
2000fe00    2000fe00    00000200   00000000    rw-
  2000fe00    2000fe00    00000200   00000000    rw- .stack


SECTION ALLOCATION MAP

 output                                  attributes/
section   page    origin      length       input sections
--------  ----  ----------  ----------   ----------------
.intvecs   0    00000000    00000140     
                  00000000    00000140     startup_msp432p401r_ccs.obj (.intvecs:retain)

.text      0    00000140    00001474     
                  00000140    00000348     system_msp432p401r.obj (.text)
                  00000488    000001d4     msp432p4xx_driverlib.lib : flash.o (.text:FlashCtl_verifyMemory)
                  0000065c    00000180                              : flash.o (.text:_FlashCtl_ProgramBurst)
                  000007dc    00000178     main.obj (.text)
                  00000954    000000fa     msp432p4xx_driverlib.lib : flash.o (.text:FlashCtl_programMemory)
                  00000a4e    00000002     --HOLE-- [fill = 0]
                  00000a50    000000ec                              : flash.o (.text:FlashCtl_eraseSector)
                  00000b3c    000000e4                              : flash.o (.text:__FlashCtl_remaskBurstDataPost)
                  00000c20    000000e4                              : flash.o (.text:__FlashCtl_remaskBurstDataPre)
                  00000d04    000000b0                              : flash.o (.text:_FlashCtl_Program32)
                  00000db4    000000ac                              : flash.o (.text:__FlashCtl_remaskData32Post)
                  00000e60    000000ac                              : flash.o (.text:__FlashCtl_remaskData32Pre)
                  00000f0c    000000a8                              : flash.o (.text:_FlashCtl_Program8)
                  00000fb4    0000009c     rtsv7M4_T_le_v4SPD16_eabi.lib : memcpy_t2.obj (.text)
                  00001050    0000007a                                   : memset_t2.obj (.text)
                  000010ca    00000002     --HOLE-- [fill = 0]
                  000010cc    0000006c     msp432p4xx_driverlib.lib : flash.o (.text:__FlashCtl_remaskData8Pre)
                  00001138    0000006c     rtsv7M4_T_le_v4SPD16_eabi.lib : autoinit.obj (.text)
                  000011a4    0000006a                                   : copy_decompress_rle.obj (.text)
                  0000120e    00000002     --HOLE-- [fill = 0]
                  00001210    00000068     msp432p4xx_driverlib.lib : flash.o (.text:__FlashCtl_remaskData8Post)
                  00001278    00000050                              : sysctl.o (.text:SysCtl_getTLVInfo)
                  000012c8    00000050     rtsv7M4_T_le_v4SPD16_eabi.lib : boot.obj (.text)
                  00001318    0000004c     msp432p4xx_driverlib.lib : flash.o (.text:FlashCtl_setReadMode)
                  00001364    0000004c     rtsv7M4_T_le_v4SPD16_eabi.lib : cpy_tbl.obj (.text)
                  000013b0    00000044                                   : exit.obj (.text)
                  000013f4    0000003c     msp432p4xx_driverlib.lib : flash.o (.text:FlashCtl_clearProgramVerification)
                  00001430    00000038                              : flash.o (.text:FlashCtl_setProgramVerification)
                  00001468    00000028                              : flash.o (.text:FlashCtl_setWaitState)
                  00001490    00000024                              : flash.o (.text:FlashCtl_getReadMode)
                  000014b4    00000020                              : flash.o (.text:FlashCtl_enableWordProgramming)
                  000014d4    0000001c                              : flash.o (.text:FlashCtl_getWaitState)
                  000014f0    00000018     rtsv7M4_T_le_v4SPD16_eabi.lib : args_main.obj (.text)
                  00001508    00000014                                   : _lock.obj (.text)
                  0000151c    00000012     startup_msp432p401r_ccs.obj (.text)
                  0000152e    00000002     --HOLE-- [fill = 0]
                  00001530    00000010     msp432p4xx_driverlib.lib : flash.o (.text:FlashCtl_disableWordProgramming)
                  00001540    00000010                              : interrupt.o (.text:Interrupt_disableMaster)
                  00001550    00000010                              : interrupt.o (.text:Interrupt_enableMaster)
                  00001560    0000000e     rtsv7M4_T_le_v4SPD16_eabi.lib : copy_decompress_none.obj (.text:decompress:none)
                  0000156e    0000000c     msp432p4xx_driverlib.lib : cpu.o (.text:CPU_cpsid)
                  0000157a    0000000c                              : cpu.o (.text:CPU_cpsie)
                  00001586    00000002     --HOLE-- [fill = 0]
                  00001588    0000000c                              : flash.o (.text:FlashCtl_getInterruptStatus)
                  00001594    0000000c                              : sysctl.o (.text:SysCtl_getFlashSize)
                  000015a0    0000000a                              : cpu.o (.text:CPU_primask)
                  000015aa    00000006     rtsv7M4_T_le_v4SPD16_eabi.lib : copy_decompress_rle.obj (.text:decompress:rle24)
                  000015b0    00000004                                   : pre_init.obj (.text)

.cinit     0    000015b8    00000064     
                  000015b8    00000054     (.cinit..data.load) [load image, compression = rle]
                  0000160c    00000008     (__TI_handler_table)
                  00001614    00000008     (__TI_cinit_table)

.init_array 
*          0    00000000    00000000     UNINITIALIZED

.data      0    20000000    00000059     UNINITIALIZED
                  20000000    00000040     msp432p4xx_driverlib.lib : flash.o (.data:__getBurstProgramRegs)
                  20000040    00000008     rtsv7M4_T_le_v4SPD16_eabi.lib : _lock.obj (.data)
                  20000048    00000008                                   : exit.obj (.data)
                  20000050    00000004                                   : stkdepth_vars.obj (.data)
                  20000054    00000004     system_msp432p401r.obj (.data)
                  20000058    00000001     main.obj (.data)

.TI.persistent 
*          0    20000000    00000000     UNINITIALIZED

.stack     0    2000fe00    00000200     UNINITIALIZED
                  2000fe00    00000200     --HOLE--


LINKER GENERATED COPY TABLES

__TI_cinit_table @ 00001614 records: 1, size/record: 8, table size: 8
	.data: load addr=000015b8, load size=00000054 bytes, run addr=20000000, run size=00000059 bytes, compression=rle


LINKER GENERATED HANDLER TABLE

__TI_handler_table @ 0000160c records: 2, size/record: 4, table size: 8
	index: 0, handler: __TI_decompress_rle24
	index: 1, handler: __TI_decompress_none


GLOBAL SYMBOLS: SORTED ALPHABETICALLY BY Name 

address   name                             
-------   ----                             
000013b1  C$$EXIT                          
0000156f  CPU_cpsid                        
0000157b  CPU_cpsie                        
000015a1  CPU_primask                      
000013f5  FlashCtl_clearProgramVerification
00001531  FlashCtl_disableWordProgramming  
000014b5  FlashCtl_enableWordProgramming   
00000a51  FlashCtl_eraseSector             
00001589  FlashCtl_getInterruptStatus      
00001491  FlashCtl_getReadMode             
000014d5  FlashCtl_getWaitState            
00000955  FlashCtl_programMemory           
00001431  FlashCtl_setProgramVerification  
00001319  FlashCtl_setReadMode             
00001469  FlashCtl_setWaitState            
00000489  FlashCtl_verifyMemory            
00001541  Interrupt_disableMaster          
00001551  Interrupt_enableMaster           
UNDEFED   SHT$$INIT_ARRAY$$Base            
UNDEFED   SHT$$INIT_ARRAY$$Limit           
00001595  SysCtl_getFlashSize              
00001279  SysCtl_getTLVInfo                
20000054  SystemCoreClock                  
00000141  SystemCoreClockUpdate            
000003b5  SystemInit                       
4000480c  WDTCTL_SYM                       
00000b3d  __FlashCtl_remaskBurstDataPost   
00000c21  __FlashCtl_remaskBurstDataPre    
00000db5  __FlashCtl_remaskData32Post      
00000e61  __FlashCtl_remaskData32Pre       
00001211  __FlashCtl_remaskData8Post       
000010cd  __FlashCtl_remaskData8Pre        
20010000  __STACK_END                      
00000200  __STACK_SIZE                     
00001614  __TI_CINIT_Base                  
0000161c  __TI_CINIT_Limit                 
0000160c  __TI_Handler_Table_Base          
00001614  __TI_Handler_Table_Limit         
00001139  __TI_auto_init                   
20000048  __TI_cleanup_ptr                 
00001561  __TI_decompress_none             
000015ab  __TI_decompress_rle24            
2000004c  __TI_dtors_ptr                   
00000000  __TI_static_base__               
00001051  __aeabi_memclr                   
00001051  __aeabi_memclr4                  
00001051  __aeabi_memclr8                  
00000fb5  __aeabi_memcpy                   
00000fb5  __aeabi_memcpy4                  
00000fb5  __aeabi_memcpy8                  
00001053  __aeabi_memset                   
00001053  __aeabi_memset4                  
00001053  __aeabi_memset8                  
ffffffff  __binit__                        
ffffffff  __c_args__                       
2000fe00  __stack                          
000014f1  _args_main                       
000012c9  _c_int00                         
20000040  _lock                            
00001517  _nop                             
0000150f  _register_lock                   
00001509  _register_unlock                 
000015b1  _system_pre_init                 
20000044  _unlock                          
000013b5  abort                            
ffffffff  binit                            
00001365  copy_in                          
00000825  delay_1sec                       
000013bd  exit                             
00000000  interruptVectors                 
0000084b  main                             
20000050  main_func_sp                     
00000fb5  memcpy                           
20000058  memoryOffset                     
00001059  memset                           
000007dd  port_init                        


GLOBAL SYMBOLS: SORTED BY Symbol Address 

address   name                             
-------   ----                             
00000000  __TI_static_base__               
00000000  interruptVectors                 
00000141  SystemCoreClockUpdate            
00000200  __STACK_SIZE                     
000003b5  SystemInit                       
00000489  FlashCtl_verifyMemory            
000007dd  port_init                        
00000825  delay_1sec                       
0000084b  main                             
00000955  FlashCtl_programMemory           
00000a51  FlashCtl_eraseSector             
00000b3d  __FlashCtl_remaskBurstDataPost   
00000c21  __FlashCtl_remaskBurstDataPre    
00000db5  __FlashCtl_remaskData32Post      
00000e61  __FlashCtl_remaskData32Pre       
00000fb5  __aeabi_memcpy                   
00000fb5  __aeabi_memcpy4                  
00000fb5  __aeabi_memcpy8                  
00000fb5  memcpy                           
00001051  __aeabi_memclr                   
00001051  __aeabi_memclr4                  
00001051  __aeabi_memclr8                  
00001053  __aeabi_memset                   
00001053  __aeabi_memset4                  
00001053  __aeabi_memset8                  
00001059  memset                           
000010cd  __FlashCtl_remaskData8Pre        
00001139  __TI_auto_init                   
00001211  __FlashCtl_remaskData8Post       
00001279  SysCtl_getTLVInfo                
000012c9  _c_int00                         
00001319  FlashCtl_setReadMode             
00001365  copy_in                          
000013b1  C$$EXIT                          
000013b5  abort                            
000013bd  exit                             
000013f5  FlashCtl_clearProgramVerification
00001431  FlashCtl_setProgramVerification  
00001469  FlashCtl_setWaitState            
00001491  FlashCtl_getReadMode             
000014b5  FlashCtl_enableWordProgramming   
000014d5  FlashCtl_getWaitState            
000014f1  _args_main                       
00001509  _register_unlock                 
0000150f  _register_lock                   
00001517  _nop                             
00001531  FlashCtl_disableWordProgramming  
00001541  Interrupt_disableMaster          
00001551  Interrupt_enableMaster           
00001561  __TI_decompress_none             
0000156f  CPU_cpsid                        
0000157b  CPU_cpsie                        
00001589  FlashCtl_getInterruptStatus      
00001595  SysCtl_getFlashSize              
000015a1  CPU_primask                      
000015ab  __TI_decompress_rle24            
000015b1  _system_pre_init                 
0000160c  __TI_Handler_Table_Base          
00001614  __TI_CINIT_Base                  
00001614  __TI_Handler_Table_Limit         
0000161c  __TI_CINIT_Limit                 
20000040  _lock                            
20000044  _unlock                          
20000048  __TI_cleanup_ptr                 
2000004c  __TI_dtors_ptr                   
20000050  main_func_sp                     
20000054  SystemCoreClock                  
20000058  memoryOffset                     
2000fe00  __stack                          
20010000  __STACK_END                      
4000480c  WDTCTL_SYM                       
ffffffff  __binit__                        
ffffffff  __c_args__                       
ffffffff  binit                            
UNDEFED   SHT$$INIT_ARRAY$$Base            
UNDEFED   SHT$$INIT_ARRAY$$Limit           

[76 symbols]
