******************************************************************************
                  TI ARM Linker PC v5.2.6                      
******************************************************************************
>> Linked Tue Feb 16 19:39:07 2016

OUTPUT FILE NAME:   <ECE461_Challenge1.out>
ENTRY POINT SYMBOL: "_c_int00"  address: 000012dd


MEMORY CONFIGURATION

         name            origin    length      used     unused   attr    fill
----------------------  --------  ---------  --------  --------  ----  --------
  MAIN                  00000000   00040000  0000162c  0003e9d4  R  X
  INFO                  00200000   00004000  00000000  00004000  R  X
  SRAM_CODE             01000000   00010000  00000000  00010000  RW X
  SRAM_DATA             20000000   00010000  0000025c  0000fda4  RW  


SEGMENT ALLOCATION MAP

run origin  load origin   length   init length attrs members
----------  ----------- ---------- ----------- ----- -------
00000000    00000000    0000162c   0000162c    r-x
  00000000    00000000    00000140   00000140    r-- .intvecs
  00000140    00000140    00001488   00001488    r-x .text
  000015c8    000015c8    00000064   00000064    r-- .cinit
20000000    20000000    0000005c   00000000    rw-
  20000000    20000000    0000005c   00000000    rw- .data
2000fe00    2000fe00    00000200   00000000    rw-
  2000fe00    2000fe00    00000200   00000000    rw- .stack


SECTION ALLOCATION MAP

 output                                  attributes/
section   page    origin      length       input sections
--------  ----  ----------  ----------   ----------------
.intvecs   0    00000000    00000140     
                  00000000    00000140     startup_msp432p401r_ccs.obj (.intvecs:retain)

.text      0    00000140    00001488     
                  00000140    00000348     system_msp432p401r.obj (.text)
                  00000488    000001d4     msp432p4xx_driverlib.lib : flash.o (.text:FlashCtl_verifyMemory)
                  0000065c    0000018c     main.obj (.text)
                  000007e8    00000180     msp432p4xx_driverlib.lib : flash.o (.text:_FlashCtl_ProgramBurst)
                  00000968    000000fa                              : flash.o (.text:FlashCtl_programMemory)
                  00000a62    00000002     --HOLE-- [fill = 0]
                  00000a64    000000ec                              : flash.o (.text:FlashCtl_eraseSector)
                  00000b50    000000e4                              : flash.o (.text:__FlashCtl_remaskBurstDataPost)
                  00000c34    000000e4                              : flash.o (.text:__FlashCtl_remaskBurstDataPre)
                  00000d18    000000b0                              : flash.o (.text:_FlashCtl_Program32)
                  00000dc8    000000ac                              : flash.o (.text:__FlashCtl_remaskData32Post)
                  00000e74    000000ac                              : flash.o (.text:__FlashCtl_remaskData32Pre)
                  00000f20    000000a8                              : flash.o (.text:_FlashCtl_Program8)
                  00000fc8    0000009c     rtsv7M4_T_le_v4SPD16_eabi.lib : memcpy_t2.obj (.text)
                  00001064    0000007a                                   : memset_t2.obj (.text)
                  000010de    00000002     --HOLE-- [fill = 0]
                  000010e0    0000006c     msp432p4xx_driverlib.lib : flash.o (.text:__FlashCtl_remaskData8Pre)
                  0000114c    0000006c     rtsv7M4_T_le_v4SPD16_eabi.lib : autoinit.obj (.text)
                  000011b8    0000006a                                   : copy_decompress_rle.obj (.text)
                  00001222    00000002     --HOLE-- [fill = 0]
                  00001224    00000068     msp432p4xx_driverlib.lib : flash.o (.text:__FlashCtl_remaskData8Post)
                  0000128c    00000050                              : sysctl.o (.text:SysCtl_getTLVInfo)
                  000012dc    00000050     rtsv7M4_T_le_v4SPD16_eabi.lib : boot.obj (.text)
                  0000132c    0000004c     msp432p4xx_driverlib.lib : flash.o (.text:FlashCtl_setReadMode)
                  00001378    0000004c     rtsv7M4_T_le_v4SPD16_eabi.lib : cpy_tbl.obj (.text)
                  000013c4    00000044                                   : exit.obj (.text)
                  00001408    0000003c     msp432p4xx_driverlib.lib : flash.o (.text:FlashCtl_clearProgramVerification)
                  00001444    00000038                              : flash.o (.text:FlashCtl_setProgramVerification)
                  0000147c    00000028                              : flash.o (.text:FlashCtl_setWaitState)
                  000014a4    00000024                              : flash.o (.text:FlashCtl_getReadMode)
                  000014c8    00000020                              : flash.o (.text:FlashCtl_enableWordProgramming)
                  000014e8    0000001c                              : flash.o (.text:FlashCtl_getWaitState)
                  00001504    00000018     rtsv7M4_T_le_v4SPD16_eabi.lib : args_main.obj (.text)
                  0000151c    00000014                                   : _lock.obj (.text)
                  00001530    00000012     startup_msp432p401r_ccs.obj (.text)
                  00001542    00000002     --HOLE-- [fill = 0]
                  00001544    00000010     msp432p4xx_driverlib.lib : flash.o (.text:FlashCtl_disableWordProgramming)
                  00001554    00000010                              : interrupt.o (.text:Interrupt_disableMaster)
                  00001564    00000010                              : interrupt.o (.text:Interrupt_enableMaster)
                  00001574    0000000e     rtsv7M4_T_le_v4SPD16_eabi.lib : copy_decompress_none.obj (.text:decompress:none)
                  00001582    0000000c     msp432p4xx_driverlib.lib : cpu.o (.text:CPU_cpsid)
                  0000158e    0000000c                              : cpu.o (.text:CPU_cpsie)
                  0000159a    00000002     --HOLE-- [fill = 0]
                  0000159c    0000000c                              : flash.o (.text:FlashCtl_getInterruptStatus)
                  000015a8    0000000c                              : sysctl.o (.text:SysCtl_getFlashSize)
                  000015b4    0000000a                              : cpu.o (.text:CPU_primask)
                  000015be    00000006     rtsv7M4_T_le_v4SPD16_eabi.lib : copy_decompress_rle.obj (.text:decompress:rle24)
                  000015c4    00000004                                   : pre_init.obj (.text)

.cinit     0    000015c8    00000064     
                  000015c8    00000053     (.cinit..data.load) [load image, compression = rle]
                  0000161b    00000001     --HOLE-- [fill = 0]
                  0000161c    00000008     (__TI_handler_table)
                  00001624    00000008     (__TI_cinit_table)

.init_array 
*          0    00000000    00000000     UNINITIALIZED

.data      0    20000000    0000005c     UNINITIALIZED
                  20000000    00000040     msp432p4xx_driverlib.lib : flash.o (.data:__getBurstProgramRegs)
                  20000040    00000008     rtsv7M4_T_le_v4SPD16_eabi.lib : _lock.obj (.data)
                  20000048    00000008                                   : exit.obj (.data)
                  20000050    00000004     main.obj (.data)
                  20000054    00000004     rtsv7M4_T_le_v4SPD16_eabi.lib : stkdepth_vars.obj (.data)
                  20000058    00000004     system_msp432p401r.obj (.data)

.TI.persistent 
*          0    20000000    00000000     UNINITIALIZED

.stack     0    2000fe00    00000200     UNINITIALIZED
                  2000fe00    00000200     --HOLE--


LINKER GENERATED COPY TABLES

__TI_cinit_table @ 00001624 records: 1, size/record: 8, table size: 8
	.data: load addr=000015c8, load size=00000053 bytes, run addr=20000000, run size=0000005c bytes, compression=rle


LINKER GENERATED HANDLER TABLE

__TI_handler_table @ 0000161c records: 2, size/record: 4, table size: 8
	index: 0, handler: __TI_decompress_rle24
	index: 1, handler: __TI_decompress_none


GLOBAL SYMBOLS: SORTED ALPHABETICALLY BY Name 

address   name                             
-------   ----                             
000013c5  C$$EXIT                          
00001583  CPU_cpsid                        
0000158f  CPU_cpsie                        
000015b5  CPU_primask                      
00001409  FlashCtl_clearProgramVerification
00001545  FlashCtl_disableWordProgramming  
000014c9  FlashCtl_enableWordProgramming   
00000a65  FlashCtl_eraseSector             
0000159d  FlashCtl_getInterruptStatus      
000014a5  FlashCtl_getReadMode             
000014e9  FlashCtl_getWaitState            
00000969  FlashCtl_programMemory           
00001445  FlashCtl_setProgramVerification  
0000132d  FlashCtl_setReadMode             
0000147d  FlashCtl_setWaitState            
00000489  FlashCtl_verifyMemory            
00001555  Interrupt_disableMaster          
00001565  Interrupt_enableMaster           
UNDEFED   SHT$$INIT_ARRAY$$Base            
UNDEFED   SHT$$INIT_ARRAY$$Limit           
000015a9  SysCtl_getFlashSize              
0000128d  SysCtl_getTLVInfo                
20000058  SystemCoreClock                  
00000141  SystemCoreClockUpdate            
000003b5  SystemInit                       
4000480c  WDTCTL_SYM                       
00000b51  __FlashCtl_remaskBurstDataPost   
00000c35  __FlashCtl_remaskBurstDataPre    
00000dc9  __FlashCtl_remaskData32Post      
00000e75  __FlashCtl_remaskData32Pre       
00001225  __FlashCtl_remaskData8Post       
000010e1  __FlashCtl_remaskData8Pre        
20010000  __STACK_END                      
00000200  __STACK_SIZE                     
00001624  __TI_CINIT_Base                  
0000162c  __TI_CINIT_Limit                 
0000161c  __TI_Handler_Table_Base          
00001624  __TI_Handler_Table_Limit         
0000114d  __TI_auto_init                   
20000048  __TI_cleanup_ptr                 
00001575  __TI_decompress_none             
000015bf  __TI_decompress_rle24            
2000004c  __TI_dtors_ptr                   
00000000  __TI_static_base__               
00001065  __aeabi_memclr                   
00001065  __aeabi_memclr4                  
00001065  __aeabi_memclr8                  
00000fc9  __aeabi_memcpy                   
00000fc9  __aeabi_memcpy4                  
00000fc9  __aeabi_memcpy8                  
00001067  __aeabi_memset                   
00001067  __aeabi_memset4                  
00001067  __aeabi_memset8                  
ffffffff  __binit__                        
ffffffff  __c_args__                       
2000fe00  __stack                          
00001505  _args_main                       
000012dd  _c_int00                         
20000040  _lock                            
0000152b  _nop                             
00001523  _register_lock                   
0000151d  _register_unlock                 
000015c5  _system_pre_init                 
20000044  _unlock                          
000013c9  abort                            
ffffffff  binit                            
00001379  copy_in                          
000006a5  delay_1sec                       
000013d1  exit                             
00000000  interruptVectors                 
000006cb  main                             
20000054  main_func_sp                     
00000fc9  memcpy                           
20000050  memory_location                  
0000106d  memset                           
0000065d  port_init                        


GLOBAL SYMBOLS: SORTED BY Symbol Address 

address   name                             
-------   ----                             
00000000  __TI_static_base__               
00000000  interruptVectors                 
00000141  SystemCoreClockUpdate            
00000200  __STACK_SIZE                     
000003b5  SystemInit                       
00000489  FlashCtl_verifyMemory            
0000065d  port_init                        
000006a5  delay_1sec                       
000006cb  main                             
00000969  FlashCtl_programMemory           
00000a65  FlashCtl_eraseSector             
00000b51  __FlashCtl_remaskBurstDataPost   
00000c35  __FlashCtl_remaskBurstDataPre    
00000dc9  __FlashCtl_remaskData32Post      
00000e75  __FlashCtl_remaskData32Pre       
00000fc9  __aeabi_memcpy                   
00000fc9  __aeabi_memcpy4                  
00000fc9  __aeabi_memcpy8                  
00000fc9  memcpy                           
00001065  __aeabi_memclr                   
00001065  __aeabi_memclr4                  
00001065  __aeabi_memclr8                  
00001067  __aeabi_memset                   
00001067  __aeabi_memset4                  
00001067  __aeabi_memset8                  
0000106d  memset                           
000010e1  __FlashCtl_remaskData8Pre        
0000114d  __TI_auto_init                   
00001225  __FlashCtl_remaskData8Post       
0000128d  SysCtl_getTLVInfo                
000012dd  _c_int00                         
0000132d  FlashCtl_setReadMode             
00001379  copy_in                          
000013c5  C$$EXIT                          
000013c9  abort                            
000013d1  exit                             
00001409  FlashCtl_clearProgramVerification
00001445  FlashCtl_setProgramVerification  
0000147d  FlashCtl_setWaitState            
000014a5  FlashCtl_getReadMode             
000014c9  FlashCtl_enableWordProgramming   
000014e9  FlashCtl_getWaitState            
00001505  _args_main                       
0000151d  _register_unlock                 
00001523  _register_lock                   
0000152b  _nop                             
00001545  FlashCtl_disableWordProgramming  
00001555  Interrupt_disableMaster          
00001565  Interrupt_enableMaster           
00001575  __TI_decompress_none             
00001583  CPU_cpsid                        
0000158f  CPU_cpsie                        
0000159d  FlashCtl_getInterruptStatus      
000015a9  SysCtl_getFlashSize              
000015b5  CPU_primask                      
000015bf  __TI_decompress_rle24            
000015c5  _system_pre_init                 
0000161c  __TI_Handler_Table_Base          
00001624  __TI_CINIT_Base                  
00001624  __TI_Handler_Table_Limit         
0000162c  __TI_CINIT_Limit                 
20000040  _lock                            
20000044  _unlock                          
20000048  __TI_cleanup_ptr                 
2000004c  __TI_dtors_ptr                   
20000050  memory_location                  
20000054  main_func_sp                     
20000058  SystemCoreClock                  
2000fe00  __stack                          
20010000  __STACK_END                      
4000480c  WDTCTL_SYM                       
ffffffff  __binit__                        
ffffffff  __c_args__                       
ffffffff  binit                            
UNDEFED   SHT$$INIT_ARRAY$$Base            
UNDEFED   SHT$$INIT_ARRAY$$Limit           

[76 symbols]
