******************************************************************************
                  TI ARM Linker PC v5.2.6                      
******************************************************************************
>> Linked Tue Feb 16 11:55:46 2016

OUTPUT FILE NAME:   <ECE461_Challenge1.out>
ENTRY POINT SYMBOL: "_c_int00"  address: 0000145d


MEMORY CONFIGURATION

         name            origin    length      used     unused   attr    fill
----------------------  --------  ---------  --------  --------  ----  --------
  MAIN                  00000000   00040000  00001824  0003e7dc  R  X
  INFO                  00200000   00004000  00000000  00004000  R  X
  SRAM_CODE             01000000   00010000  00000000  00010000  RW X
  SRAM_DATA             20000000   00010000  0000025a  0000fda6  RW  


SEGMENT ALLOCATION MAP

run origin  load origin   length   init length attrs members
----------  ----------- ---------- ----------- ----- -------
00000000    00000000    00001828   00001828    r-x
  00000000    00000000    00000140   00000140    r-- .intvecs
  00000140    00000140    0000167c   0000167c    r-x .text
  000017c0    000017c0    00000068   00000068    r-- .cinit
20000000    20000000    0000005a   00000000    rw-
  20000000    20000000    0000005a   00000000    rw- .data
2000fe00    2000fe00    00000200   00000000    rw-
  2000fe00    2000fe00    00000200   00000000    rw- .stack


SECTION ALLOCATION MAP

 output                                  attributes/
section   page    origin      length       input sections
--------  ----  ----------  ----------   ----------------
.intvecs   0    00000000    00000140     
                  00000000    00000140     startup_msp432p401r_ccs.obj (.intvecs:retain)

.text      0    00000140    0000167c     
                  00000140    00000348     system_msp432p401r.obj (.text)
                  00000488    000001d4     msp432p4xx_driverlib.lib : flash.o (.text:FlashCtl_verifyMemory)
                  0000065c    00000180                              : flash.o (.text:_FlashCtl_ProgramBurst)
                  000007dc    00000180     main.obj (.text)
                  0000095c    000000fa     msp432p4xx_driverlib.lib : flash.o (.text:FlashCtl_programMemory)
                  00000a56    00000002     --HOLE-- [fill = 0]
                  00000a58    000000ec                              : flash.o (.text:FlashCtl_eraseSector)
                  00000b44    000000e4                              : flash.o (.text:__FlashCtl_remaskBurstDataPost)
                  00000c28    000000e4                              : flash.o (.text:__FlashCtl_remaskBurstDataPre)
                  00000d0c    000000dc                              : pcm.o (.text:__PCM_setPowerModeAdvanced)
                  00000de8    000000b0                              : flash.o (.text:_FlashCtl_Program32)
                  00000e98    000000b0                              : pcm.o (.text:__PCM_setCoreVoltageLevelAdvanced)
                  00000f48    000000ac                              : flash.o (.text:__FlashCtl_remaskData32Post)
                  00000ff4    000000ac                              : flash.o (.text:__FlashCtl_remaskData32Pre)
                  000010a0    000000a8                              : flash.o (.text:_FlashCtl_Program8)
                  00001148    0000009c     rtsv7M4_T_le_v4SPD16_eabi.lib : memcpy_t2.obj (.text)
                  000011e4    0000007a                                   : memset_t2.obj (.text)
                  0000125e    00000002     --HOLE-- [fill = 0]
                  00001260    0000006c     msp432p4xx_driverlib.lib : flash.o (.text:__FlashCtl_remaskData8Pre)
                  000012cc    0000006c     rtsv7M4_T_le_v4SPD16_eabi.lib : autoinit.obj (.text)
                  00001338    0000006a                                   : copy_decompress_rle.obj (.text)
                  000013a2    00000002     --HOLE-- [fill = 0]
                  000013a4    00000068     msp432p4xx_driverlib.lib : flash.o (.text:__FlashCtl_remaskData8Post)
                  0000140c    00000050                              : sysctl.o (.text:SysCtl_getTLVInfo)
                  0000145c    00000050     rtsv7M4_T_le_v4SPD16_eabi.lib : boot.obj (.text)
                  000014ac    0000004c     msp432p4xx_driverlib.lib : flash.o (.text:FlashCtl_setReadMode)
                  000014f8    0000004c     rtsv7M4_T_le_v4SPD16_eabi.lib : cpy_tbl.obj (.text)
                  00001544    00000044                                   : exit.obj (.text)
                  00001588    0000003c     msp432p4xx_driverlib.lib : flash.o (.text:FlashCtl_clearProgramVerification)
                  000015c4    00000038                              : flash.o (.text:FlashCtl_setProgramVerification)
                  000015fc    0000002c                              : pcm.o (.text:PCM_getCoreVoltageLevel)
                  00001628    0000002a                              : pcm.o (.text:PCM_getPowerMode)
                  00001652    00000002     --HOLE-- [fill = 0]
                  00001654    00000028                              : flash.o (.text:FlashCtl_setWaitState)
                  0000167c    00000024                              : flash.o (.text:FlashCtl_getReadMode)
                  000016a0    00000020                              : flash.o (.text:FlashCtl_enableWordProgramming)
                  000016c0    0000001c                              : flash.o (.text:FlashCtl_getWaitState)
                  000016dc    00000018     rtsv7M4_T_le_v4SPD16_eabi.lib : args_main.obj (.text)
                  000016f4    00000014                                   : _lock.obj (.text)
                  00001708    00000012     startup_msp432p401r_ccs.obj (.text)
                  0000171a    00000002     --HOLE-- [fill = 0]
                  0000171c    00000010     msp432p4xx_driverlib.lib : flash.o (.text:FlashCtl_disableWordProgramming)
                  0000172c    00000010                              : interrupt.o (.text:Interrupt_disableMaster)
                  0000173c    00000010                              : interrupt.o (.text:Interrupt_enableMaster)
                  0000174c    0000000e     rtsv7M4_T_le_v4SPD16_eabi.lib : copy_decompress_none.obj (.text:decompress:none)
                  0000175a    0000000c     msp432p4xx_driverlib.lib : cpu.o (.text:CPU_cpsid)
                  00001766    0000000c                              : cpu.o (.text:CPU_cpsie)
                  00001772    00000002     --HOLE-- [fill = 0]
                  00001774    0000000c                              : flash.o (.text:FlashCtl_getInterruptStatus)
                  00001780    0000000c                              : pcm.o (.text:PCM_getPowerState)
                  0000178c    0000000c                              : sysctl.o (.text:SysCtl_getFlashSize)
                  00001798    0000000a                              : cpu.o (.text:CPU_primask)
                  000017a2    00000008                              : pcm.o (.text:PCM_setCoreVoltageLevel)
                  000017aa    00000008                              : pcm.o (.text:PCM_setPowerMode)
                  000017b2    00000006     rtsv7M4_T_le_v4SPD16_eabi.lib : copy_decompress_rle.obj (.text:decompress:rle24)
                  000017b8    00000004                                   : pre_init.obj (.text)

.cinit     0    000017c0    00000068     
                  000017c0    00000055     (.cinit..data.load) [load image, compression = rle]
                  00001815    00000003     --HOLE-- [fill = 0]
                  00001818    00000008     (__TI_handler_table)
                  00001820    00000008     (__TI_cinit_table)

.init_array 
*          0    00000000    00000000     UNINITIALIZED

.data      0    20000000    0000005a     UNINITIALIZED
                  20000000    00000040     msp432p4xx_driverlib.lib : flash.o (.data:__getBurstProgramRegs)
                  20000040    00000008     rtsv7M4_T_le_v4SPD16_eabi.lib : _lock.obj (.data)
                  20000048    00000008                                   : exit.obj (.data)
                  20000050    00000004                                   : stkdepth_vars.obj (.data)
                  20000054    00000004     system_msp432p401r.obj (.data)
                  20000058    00000002     main.obj (.data)

.TI.persistent 
*          0    20000000    00000000     UNINITIALIZED

.stack     0    2000fe00    00000200     UNINITIALIZED
                  2000fe00    00000200     --HOLE--


LINKER GENERATED COPY TABLES

__TI_cinit_table @ 00001820 records: 1, size/record: 8, table size: 8
	.data: load addr=000017c0, load size=00000055 bytes, run addr=20000000, run size=0000005a bytes, compression=rle


LINKER GENERATED HANDLER TABLE

__TI_handler_table @ 00001818 records: 2, size/record: 4, table size: 8
	index: 0, handler: __TI_decompress_rle24
	index: 1, handler: __TI_decompress_none


GLOBAL SYMBOLS: SORTED ALPHABETICALLY BY Name 

address   name                             
-------   ----                             
00001545  C$$EXIT                          
0000175b  CPU_cpsid                        
00001767  CPU_cpsie                        
00001799  CPU_primask                      
00001589  FlashCtl_clearProgramVerification
0000171d  FlashCtl_disableWordProgramming  
000016a1  FlashCtl_enableWordProgramming   
00000a59  FlashCtl_eraseSector             
00001775  FlashCtl_getInterruptStatus      
0000167d  FlashCtl_getReadMode             
000016c1  FlashCtl_getWaitState            
0000095d  FlashCtl_programMemory           
000015c5  FlashCtl_setProgramVerification  
000014ad  FlashCtl_setReadMode             
00001655  FlashCtl_setWaitState            
00000489  FlashCtl_verifyMemory            
0000172d  Interrupt_disableMaster          
0000173d  Interrupt_enableMaster           
000015fd  PCM_getCoreVoltageLevel          
00001629  PCM_getPowerMode                 
00001781  PCM_getPowerState                
000017a3  PCM_setCoreVoltageLevel          
000017ab  PCM_setPowerMode                 
UNDEFED   SHT$$INIT_ARRAY$$Base            
UNDEFED   SHT$$INIT_ARRAY$$Limit           
0000178d  SysCtl_getFlashSize              
0000140d  SysCtl_getTLVInfo                
20000054  SystemCoreClock                  
00000141  SystemCoreClockUpdate            
000003b5  SystemInit                       
4000480c  WDTCTL_SYM                       
00000b45  __FlashCtl_remaskBurstDataPost   
00000c29  __FlashCtl_remaskBurstDataPre    
00000f49  __FlashCtl_remaskData32Post      
00000ff5  __FlashCtl_remaskData32Pre       
000013a5  __FlashCtl_remaskData8Post       
00001261  __FlashCtl_remaskData8Pre        
20010000  __STACK_END                      
00000200  __STACK_SIZE                     
00001820  __TI_CINIT_Base                  
00001828  __TI_CINIT_Limit                 
00001818  __TI_Handler_Table_Base          
00001820  __TI_Handler_Table_Limit         
000012cd  __TI_auto_init                   
20000048  __TI_cleanup_ptr                 
0000174d  __TI_decompress_none             
000017b3  __TI_decompress_rle24            
2000004c  __TI_dtors_ptr                   
00000000  __TI_static_base__               
000011e5  __aeabi_memclr                   
000011e5  __aeabi_memclr4                  
000011e5  __aeabi_memclr8                  
00001149  __aeabi_memcpy                   
00001149  __aeabi_memcpy4                  
00001149  __aeabi_memcpy8                  
000011e7  __aeabi_memset                   
000011e7  __aeabi_memset4                  
000011e7  __aeabi_memset8                  
ffffffff  __binit__                        
ffffffff  __c_args__                       
2000fe00  __stack                          
000016dd  _args_main                       
0000145d  _c_int00                         
20000040  _lock                            
00001703  _nop                             
000016fb  _register_lock                   
000016f5  _register_unlock                 
000017b9  _system_pre_init                 
20000044  _unlock                          
00001549  abort                            
ffffffff  binit                            
000014f9  copy_in                          
00000825  delay_1sec                       
00001551  exit                             
00000000  interruptVectors                 
0000084b  main                             
20000050  main_func_sp                     
00001149  memcpy                           
20000058  memoryOffset                     
000011ed  memset                           
000007dd  port_init                        


GLOBAL SYMBOLS: SORTED BY Symbol Address 

address   name                             
-------   ----                             
00000000  __TI_static_base__               
00000000  interruptVectors                 
00000141  SystemCoreClockUpdate            
00000200  __STACK_SIZE                     
000003b5  SystemInit                       
00000489  FlashCtl_verifyMemory            
000007dd  port_init                        
00000825  delay_1sec                       
0000084b  main                             
0000095d  FlashCtl_programMemory           
00000a59  FlashCtl_eraseSector             
00000b45  __FlashCtl_remaskBurstDataPost   
00000c29  __FlashCtl_remaskBurstDataPre    
00000f49  __FlashCtl_remaskData32Post      
00000ff5  __FlashCtl_remaskData32Pre       
00001149  __aeabi_memcpy                   
00001149  __aeabi_memcpy4                  
00001149  __aeabi_memcpy8                  
00001149  memcpy                           
000011e5  __aeabi_memclr                   
000011e5  __aeabi_memclr4                  
000011e5  __aeabi_memclr8                  
000011e7  __aeabi_memset                   
000011e7  __aeabi_memset4                  
000011e7  __aeabi_memset8                  
000011ed  memset                           
00001261  __FlashCtl_remaskData8Pre        
000012cd  __TI_auto_init                   
000013a5  __FlashCtl_remaskData8Post       
0000140d  SysCtl_getTLVInfo                
0000145d  _c_int00                         
000014ad  FlashCtl_setReadMode             
000014f9  copy_in                          
00001545  C$$EXIT                          
00001549  abort                            
00001551  exit                             
00001589  FlashCtl_clearProgramVerification
000015c5  FlashCtl_setProgramVerification  
000015fd  PCM_getCoreVoltageLevel          
00001629  PCM_getPowerMode                 
00001655  FlashCtl_setWaitState            
0000167d  FlashCtl_getReadMode             
000016a1  FlashCtl_enableWordProgramming   
000016c1  FlashCtl_getWaitState            
000016dd  _args_main                       
000016f5  _register_unlock                 
000016fb  _register_lock                   
00001703  _nop                             
0000171d  FlashCtl_disableWordProgramming  
0000172d  Interrupt_disableMaster          
0000173d  Interrupt_enableMaster           
0000174d  __TI_decompress_none             
0000175b  CPU_cpsid                        
00001767  CPU_cpsie                        
00001775  FlashCtl_getInterruptStatus      
00001781  PCM_getPowerState                
0000178d  SysCtl_getFlashSize              
00001799  CPU_primask                      
000017a3  PCM_setCoreVoltageLevel          
000017ab  PCM_setPowerMode                 
000017b3  __TI_decompress_rle24            
000017b9  _system_pre_init                 
00001818  __TI_Handler_Table_Base          
00001820  __TI_CINIT_Base                  
00001820  __TI_Handler_Table_Limit         
00001828  __TI_CINIT_Limit                 
20000040  _lock                            
20000044  _unlock                          
20000048  __TI_cleanup_ptr                 
2000004c  __TI_dtors_ptr                   
20000050  main_func_sp                     
20000054  SystemCoreClock                  
20000058  memoryOffset                     
2000fe00  __stack                          
20010000  __STACK_END                      
4000480c  WDTCTL_SYM                       
ffffffff  __binit__                        
ffffffff  __c_args__                       
ffffffff  binit                            
UNDEFED   SHT$$INIT_ARRAY$$Base            
UNDEFED   SHT$$INIT_ARRAY$$Limit           

[81 symbols]
