******************************************************************************
                  TI ARM Linker PC v5.2.6                      
******************************************************************************
>> Linked Tue Feb 16 12:02:07 2016

OUTPUT FILE NAME:   <ECE461_Challenge1.out>
ENTRY POINT SYMBOL: "_c_int00"  address: 00001459


MEMORY CONFIGURATION

         name            origin    length      used     unused   attr    fill
----------------------  --------  ---------  --------  --------  ----  --------
  MAIN                  00000000   00040000  00001820  0003e7e0  R  X
  INFO                  00200000   00004000  00000000  00004000  R  X
  SRAM_CODE             01000000   00010000  00000000  00010000  RW X
  SRAM_DATA             20000000   00010000  0000025a  0000fda6  RW  


SEGMENT ALLOCATION MAP

run origin  load origin   length   init length attrs members
----------  ----------- ---------- ----------- ----- -------
00000000    00000000    00001820   00001820    r-x
  00000000    00000000    00000140   00000140    r-- .intvecs
  00000140    00000140    00001678   00001678    r-x .text
  000017b8    000017b8    00000068   00000068    r-- .cinit
20000000    20000000    0000005a   00000000    rw-
  20000000    20000000    0000005a   00000000    rw- .data
2000fe00    2000fe00    00000200   00000000    rw-
  2000fe00    2000fe00    00000200   00000000    rw- .stack


SECTION ALLOCATION MAP

 output                                  attributes/
section   page    origin      length       input sections
--------  ----  ----------  ----------   ----------------
.intvecs   0    00000000    00000140     
                  00000000    00000140     startup_msp432p401r_ccs.obj (.intvecs:retain)

.text      0    00000140    00001678     
                  00000140    00000348     system_msp432p401r.obj (.text)
                  00000488    000001d4     msp432p4xx_driverlib.lib : flash.o (.text:FlashCtl_verifyMemory)
                  0000065c    00000180                              : flash.o (.text:_FlashCtl_ProgramBurst)
                  000007dc    0000017c     main.obj (.text)
                  00000958    000000fa     msp432p4xx_driverlib.lib : flash.o (.text:FlashCtl_programMemory)
                  00000a52    00000002     --HOLE-- [fill = 0]
                  00000a54    000000ec                              : flash.o (.text:FlashCtl_eraseSector)
                  00000b40    000000e4                              : flash.o (.text:__FlashCtl_remaskBurstDataPost)
                  00000c24    000000e4                              : flash.o (.text:__FlashCtl_remaskBurstDataPre)
                  00000d08    000000dc                              : pcm.o (.text:__PCM_setPowerModeAdvanced)
                  00000de4    000000b0                              : flash.o (.text:_FlashCtl_Program32)
                  00000e94    000000b0                              : pcm.o (.text:__PCM_setCoreVoltageLevelAdvanced)
                  00000f44    000000ac                              : flash.o (.text:__FlashCtl_remaskData32Post)
                  00000ff0    000000ac                              : flash.o (.text:__FlashCtl_remaskData32Pre)
                  0000109c    000000a8                              : flash.o (.text:_FlashCtl_Program8)
                  00001144    0000009c     rtsv7M4_T_le_v4SPD16_eabi.lib : memcpy_t2.obj (.text)
                  000011e0    0000007a                                   : memset_t2.obj (.text)
                  0000125a    00000002     --HOLE-- [fill = 0]
                  0000125c    0000006c     msp432p4xx_driverlib.lib : flash.o (.text:__FlashCtl_remaskData8Pre)
                  000012c8    0000006c     rtsv7M4_T_le_v4SPD16_eabi.lib : autoinit.obj (.text)
                  00001334    0000006a                                   : copy_decompress_rle.obj (.text)
                  0000139e    00000002     --HOLE-- [fill = 0]
                  000013a0    00000068     msp432p4xx_driverlib.lib : flash.o (.text:__FlashCtl_remaskData8Post)
                  00001408    00000050                              : sysctl.o (.text:SysCtl_getTLVInfo)
                  00001458    00000050     rtsv7M4_T_le_v4SPD16_eabi.lib : boot.obj (.text)
                  000014a8    0000004c     msp432p4xx_driverlib.lib : flash.o (.text:FlashCtl_setReadMode)
                  000014f4    0000004c     rtsv7M4_T_le_v4SPD16_eabi.lib : cpy_tbl.obj (.text)
                  00001540    00000044                                   : exit.obj (.text)
                  00001584    0000003c     msp432p4xx_driverlib.lib : flash.o (.text:FlashCtl_clearProgramVerification)
                  000015c0    00000038                              : flash.o (.text:FlashCtl_setProgramVerification)
                  000015f8    0000002c                              : pcm.o (.text:PCM_getCoreVoltageLevel)
                  00001624    0000002a                              : pcm.o (.text:PCM_getPowerMode)
                  0000164e    00000002     --HOLE-- [fill = 0]
                  00001650    00000028                              : flash.o (.text:FlashCtl_setWaitState)
                  00001678    00000024                              : flash.o (.text:FlashCtl_getReadMode)
                  0000169c    00000020                              : flash.o (.text:FlashCtl_enableWordProgramming)
                  000016bc    0000001c                              : flash.o (.text:FlashCtl_getWaitState)
                  000016d8    00000018     rtsv7M4_T_le_v4SPD16_eabi.lib : args_main.obj (.text)
                  000016f0    00000014                                   : _lock.obj (.text)
                  00001704    00000012     startup_msp432p401r_ccs.obj (.text)
                  00001716    00000002     --HOLE-- [fill = 0]
                  00001718    00000010     msp432p4xx_driverlib.lib : flash.o (.text:FlashCtl_disableWordProgramming)
                  00001728    00000010                              : interrupt.o (.text:Interrupt_disableMaster)
                  00001738    00000010                              : interrupt.o (.text:Interrupt_enableMaster)
                  00001748    0000000e     rtsv7M4_T_le_v4SPD16_eabi.lib : copy_decompress_none.obj (.text:decompress:none)
                  00001756    0000000c     msp432p4xx_driverlib.lib : cpu.o (.text:CPU_cpsid)
                  00001762    0000000c                              : cpu.o (.text:CPU_cpsie)
                  0000176e    00000002     --HOLE-- [fill = 0]
                  00001770    0000000c                              : flash.o (.text:FlashCtl_getInterruptStatus)
                  0000177c    0000000c                              : pcm.o (.text:PCM_getPowerState)
                  00001788    0000000c                              : sysctl.o (.text:SysCtl_getFlashSize)
                  00001794    0000000a                              : cpu.o (.text:CPU_primask)
                  0000179e    00000008                              : pcm.o (.text:PCM_setCoreVoltageLevel)
                  000017a6    00000008                              : pcm.o (.text:PCM_setPowerMode)
                  000017ae    00000006     rtsv7M4_T_le_v4SPD16_eabi.lib : copy_decompress_rle.obj (.text:decompress:rle24)
                  000017b4    00000004                                   : pre_init.obj (.text)

.cinit     0    000017b8    00000068     
                  000017b8    00000055     (.cinit..data.load) [load image, compression = rle]
                  0000180d    00000003     --HOLE-- [fill = 0]
                  00001810    00000008     (__TI_handler_table)
                  00001818    00000008     (__TI_cinit_table)

.init_array 
*          0    00000000    00000000     UNINITIALIZED

.data      0    20000000    0000005a     UNINITIALIZED
                  20000000    00000040     msp432p4xx_driverlib.lib : flash.o (.data:__getBurstProgramRegs)
                  20000040    00000008     rtsv7M4_T_le_v4SPD16_eabi.lib : _lock.obj (.data)
                  20000048    00000008                                   : exit.obj (.data)
                  20000050    00000004                                   : stkdepth_vars.obj (.data)
                  20000054    00000004     system_msp432p401r.obj (.data)
                  20000058    00000002     main.obj (.data)

.TI.persistent 
*          0    20000000    00000000     UNINITIALIZED

.stack     0    2000fe00    00000200     UNINITIALIZED
                  2000fe00    00000200     --HOLE--


LINKER GENERATED COPY TABLES

__TI_cinit_table @ 00001818 records: 1, size/record: 8, table size: 8
	.data: load addr=000017b8, load size=00000055 bytes, run addr=20000000, run size=0000005a bytes, compression=rle


LINKER GENERATED HANDLER TABLE

__TI_handler_table @ 00001810 records: 2, size/record: 4, table size: 8
	index: 0, handler: __TI_decompress_rle24
	index: 1, handler: __TI_decompress_none


GLOBAL SYMBOLS: SORTED ALPHABETICALLY BY Name 

address   name                             
-------   ----                             
00001541  C$$EXIT                          
00001757  CPU_cpsid                        
00001763  CPU_cpsie                        
00001795  CPU_primask                      
00001585  FlashCtl_clearProgramVerification
00001719  FlashCtl_disableWordProgramming  
0000169d  FlashCtl_enableWordProgramming   
00000a55  FlashCtl_eraseSector             
00001771  FlashCtl_getInterruptStatus      
00001679  FlashCtl_getReadMode             
000016bd  FlashCtl_getWaitState            
00000959  FlashCtl_programMemory           
000015c1  FlashCtl_setProgramVerification  
000014a9  FlashCtl_setReadMode             
00001651  FlashCtl_setWaitState            
00000489  FlashCtl_verifyMemory            
00001729  Interrupt_disableMaster          
00001739  Interrupt_enableMaster           
000015f9  PCM_getCoreVoltageLevel          
00001625  PCM_getPowerMode                 
0000177d  PCM_getPowerState                
0000179f  PCM_setCoreVoltageLevel          
000017a7  PCM_setPowerMode                 
UNDEFED   SHT$$INIT_ARRAY$$Base            
UNDEFED   SHT$$INIT_ARRAY$$Limit           
00001789  SysCtl_getFlashSize              
00001409  SysCtl_getTLVInfo                
20000054  SystemCoreClock                  
00000141  SystemCoreClockUpdate            
000003b5  SystemInit                       
4000480c  WDTCTL_SYM                       
00000b41  __FlashCtl_remaskBurstDataPost   
00000c25  __FlashCtl_remaskBurstDataPre    
00000f45  __FlashCtl_remaskData32Post      
00000ff1  __FlashCtl_remaskData32Pre       
000013a1  __FlashCtl_remaskData8Post       
0000125d  __FlashCtl_remaskData8Pre        
20010000  __STACK_END                      
00000200  __STACK_SIZE                     
00001818  __TI_CINIT_Base                  
00001820  __TI_CINIT_Limit                 
00001810  __TI_Handler_Table_Base          
00001818  __TI_Handler_Table_Limit         
000012c9  __TI_auto_init                   
20000048  __TI_cleanup_ptr                 
00001749  __TI_decompress_none             
000017af  __TI_decompress_rle24            
2000004c  __TI_dtors_ptr                   
00000000  __TI_static_base__               
000011e1  __aeabi_memclr                   
000011e1  __aeabi_memclr4                  
000011e1  __aeabi_memclr8                  
00001145  __aeabi_memcpy                   
00001145  __aeabi_memcpy4                  
00001145  __aeabi_memcpy8                  
000011e3  __aeabi_memset                   
000011e3  __aeabi_memset4                  
000011e3  __aeabi_memset8                  
ffffffff  __binit__                        
ffffffff  __c_args__                       
2000fe00  __stack                          
000016d9  _args_main                       
00001459  _c_int00                         
20000040  _lock                            
000016ff  _nop                             
000016f7  _register_lock                   
000016f1  _register_unlock                 
000017b5  _system_pre_init                 
20000044  _unlock                          
00001545  abort                            
ffffffff  binit                            
000014f5  copy_in                          
00000825  delay_1sec                       
0000154d  exit                             
00000000  interruptVectors                 
0000084b  main                             
20000050  main_func_sp                     
00001145  memcpy                           
20000058  memoryOffset                     
000011e9  memset                           
000007dd  port_init                        


GLOBAL SYMBOLS: SORTED BY Symbol Address 

address   name                             
-------   ----                             
00000000  __TI_static_base__               
00000000  interruptVectors                 
00000141  SystemCoreClockUpdate            
00000200  __STACK_SIZE                     
000003b5  SystemInit                       
00000489  FlashCtl_verifyMemory            
000007dd  port_init                        
00000825  delay_1sec                       
0000084b  main                             
00000959  FlashCtl_programMemory           
00000a55  FlashCtl_eraseSector             
00000b41  __FlashCtl_remaskBurstDataPost   
00000c25  __FlashCtl_remaskBurstDataPre    
00000f45  __FlashCtl_remaskData32Post      
00000ff1  __FlashCtl_remaskData32Pre       
00001145  __aeabi_memcpy                   
00001145  __aeabi_memcpy4                  
00001145  __aeabi_memcpy8                  
00001145  memcpy                           
000011e1  __aeabi_memclr                   
000011e1  __aeabi_memclr4                  
000011e1  __aeabi_memclr8                  
000011e3  __aeabi_memset                   
000011e3  __aeabi_memset4                  
000011e3  __aeabi_memset8                  
000011e9  memset                           
0000125d  __FlashCtl_remaskData8Pre        
000012c9  __TI_auto_init                   
000013a1  __FlashCtl_remaskData8Post       
00001409  SysCtl_getTLVInfo                
00001459  _c_int00                         
000014a9  FlashCtl_setReadMode             
000014f5  copy_in                          
00001541  C$$EXIT                          
00001545  abort                            
0000154d  exit                             
00001585  FlashCtl_clearProgramVerification
000015c1  FlashCtl_setProgramVerification  
000015f9  PCM_getCoreVoltageLevel          
00001625  PCM_getPowerMode                 
00001651  FlashCtl_setWaitState            
00001679  FlashCtl_getReadMode             
0000169d  FlashCtl_enableWordProgramming   
000016bd  FlashCtl_getWaitState            
000016d9  _args_main                       
000016f1  _register_unlock                 
000016f7  _register_lock                   
000016ff  _nop                             
00001719  FlashCtl_disableWordProgramming  
00001729  Interrupt_disableMaster          
00001739  Interrupt_enableMaster           
00001749  __TI_decompress_none             
00001757  CPU_cpsid                        
00001763  CPU_cpsie                        
00001771  FlashCtl_getInterruptStatus      
0000177d  PCM_getPowerState                
00001789  SysCtl_getFlashSize              
00001795  CPU_primask                      
0000179f  PCM_setCoreVoltageLevel          
000017a7  PCM_setPowerMode                 
000017af  __TI_decompress_rle24            
000017b5  _system_pre_init                 
00001810  __TI_Handler_Table_Base          
00001818  __TI_CINIT_Base                  
00001818  __TI_Handler_Table_Limit         
00001820  __TI_CINIT_Limit                 
20000040  _lock                            
20000044  _unlock                          
20000048  __TI_cleanup_ptr                 
2000004c  __TI_dtors_ptr                   
20000050  main_func_sp                     
20000054  SystemCoreClock                  
20000058  memoryOffset                     
2000fe00  __stack                          
20010000  __STACK_END                      
4000480c  WDTCTL_SYM                       
ffffffff  __binit__                        
ffffffff  __c_args__                       
ffffffff  binit                            
UNDEFED   SHT$$INIT_ARRAY$$Base            
UNDEFED   SHT$$INIT_ARRAY$$Limit           

[81 symbols]
