<?xml version="1.0"?>
<link_info>
   <banner>TI ARM Linker PC v5.2.6</banner>
   <copyright>Copyright (c) 1996-2015 Texas Instruments Incorporated</copyright>
   <link_time>0x56c3c12b</link_time>
   <link_errors>0x0</link_errors>
   <output_file>ECE461_Challenge1.out</output_file>
   <entry_point>
      <name>_c_int00</name>
      <address>0x12dd</address>
   </entry_point>
   <input_file_list>
      <input_file id="fl-2">
         <path>.\</path>
         <kind>object</kind>
         <file>main.obj</file>
         <name>main.obj</name>
      </input_file>
      <input_file id="fl-3">
         <path>.\</path>
         <kind>object</kind>
         <file>startup_msp432p401r_ccs.obj</file>
         <name>startup_msp432p401r_ccs.obj</name>
      </input_file>
      <input_file id="fl-4">
         <path>.\</path>
         <kind>object</kind>
         <file>system_msp432p401r.obj</file>
         <name>system_msp432p401r.obj</name>
      </input_file>
      <input_file id="fl-a">
         <path>..\</path>
         <kind>archive</kind>
         <file>msp432p4xx_driverlib.lib</file>
         <name>flash.o</name>
      </input_file>
      <input_file id="fl-b">
         <path>..\</path>
         <kind>archive</kind>
         <file>msp432p4xx_driverlib.lib</file>
         <name>interrupt.o</name>
      </input_file>
      <input_file id="fl-c">
         <path>..\</path>
         <kind>archive</kind>
         <file>msp432p4xx_driverlib.lib</file>
         <name>sysctl.o</name>
      </input_file>
      <input_file id="fl-d">
         <path>..\</path>
         <kind>archive</kind>
         <file>msp432p4xx_driverlib.lib</file>
         <name>cpu.o</name>
      </input_file>
      <input_file id="fl-12f">
         <path>C:\ti\ccsv6\tools\compiler\ti-cgt-arm_5.2.6\lib\</path>
         <kind>archive</kind>
         <file>rtsv7M4_T_le_v4SPD16_eabi.lib</file>
         <name>boot.obj</name>
      </input_file>
      <input_file id="fl-130">
         <path>C:\ti\ccsv6\tools\compiler\ti-cgt-arm_5.2.6\lib\</path>
         <kind>archive</kind>
         <file>rtsv7M4_T_le_v4SPD16_eabi.lib</file>
         <name>copy_decompress_none.obj</name>
      </input_file>
      <input_file id="fl-131">
         <path>C:\ti\ccsv6\tools\compiler\ti-cgt-arm_5.2.6\lib\</path>
         <kind>archive</kind>
         <file>rtsv7M4_T_le_v4SPD16_eabi.lib</file>
         <name>copy_decompress_rle.obj</name>
      </input_file>
      <input_file id="fl-132">
         <path>C:\ti\ccsv6\tools\compiler\ti-cgt-arm_5.2.6\lib\</path>
         <kind>archive</kind>
         <file>rtsv7M4_T_le_v4SPD16_eabi.lib</file>
         <name>copy_zero_init.obj</name>
      </input_file>
      <input_file id="fl-133">
         <path>C:\ti\ccsv6\tools\compiler\ti-cgt-arm_5.2.6\lib\</path>
         <kind>archive</kind>
         <file>rtsv7M4_T_le_v4SPD16_eabi.lib</file>
         <name>exit.obj</name>
      </input_file>
      <input_file id="fl-134">
         <path>C:\ti\ccsv6\tools\compiler\ti-cgt-arm_5.2.6\lib\</path>
         <kind>archive</kind>
         <file>rtsv7M4_T_le_v4SPD16_eabi.lib</file>
         <name>memcpy_t2.obj</name>
      </input_file>
      <input_file id="fl-135">
         <path>C:\ti\ccsv6\tools\compiler\ti-cgt-arm_5.2.6\lib\</path>
         <kind>archive</kind>
         <file>rtsv7M4_T_le_v4SPD16_eabi.lib</file>
         <name>memset_t2.obj</name>
      </input_file>
      <input_file id="fl-136">
         <path>C:\ti\ccsv6\tools\compiler\ti-cgt-arm_5.2.6\lib\</path>
         <kind>archive</kind>
         <file>rtsv7M4_T_le_v4SPD16_eabi.lib</file>
         <name>pre_init.obj</name>
      </input_file>
      <input_file id="fl-137">
         <path>C:\ti\ccsv6\tools\compiler\ti-cgt-arm_5.2.6\lib\</path>
         <kind>archive</kind>
         <file>rtsv7M4_T_le_v4SPD16_eabi.lib</file>
         <name>stkdepth_vars.obj</name>
      </input_file>
      <input_file id="fl-138">
         <path>C:\ti\ccsv6\tools\compiler\ti-cgt-arm_5.2.6\lib\</path>
         <kind>archive</kind>
         <file>rtsv7M4_T_le_v4SPD16_eabi.lib</file>
         <name>_lock.obj</name>
      </input_file>
      <input_file id="fl-139">
         <path>C:\ti\ccsv6\tools\compiler\ti-cgt-arm_5.2.6\lib\</path>
         <kind>archive</kind>
         <file>rtsv7M4_T_le_v4SPD16_eabi.lib</file>
         <name>args_main.obj</name>
      </input_file>
      <input_file id="fl-13a">
         <path>C:\ti\ccsv6\tools\compiler\ti-cgt-arm_5.2.6\lib\</path>
         <kind>archive</kind>
         <file>rtsv7M4_T_le_v4SPD16_eabi.lib</file>
         <name>autoinit.obj</name>
      </input_file>
      <input_file id="fl-13b">
         <path>C:\ti\ccsv6\tools\compiler\ti-cgt-arm_5.2.6\lib\</path>
         <kind>archive</kind>
         <file>rtsv7M4_T_le_v4SPD16_eabi.lib</file>
         <name>cpy_tbl.obj</name>
      </input_file>
   </input_file_list>
   <object_component_list>
      <object_component id="oc-27">
         <name>.intvecs:retain</name>
         <load_address>0x0</load_address>
         <run_address>0x0</run_address>
         <size>0x140</size>
         <input_file_ref idref="fl-3"/>
      </object_component>
      <object_component id="oc-a9">
         <name>.text</name>
         <load_address>0x140</load_address>
         <run_address>0x140</run_address>
         <size>0x348</size>
         <input_file_ref idref="fl-4"/>
      </object_component>
      <object_component id="oc-10d">
         <name>.text:FlashCtl_verifyMemory</name>
         <load_address>0x488</load_address>
         <run_address>0x488</run_address>
         <size>0x1d4</size>
         <input_file_ref idref="fl-a"/>
      </object_component>
      <object_component id="oc-96">
         <name>.text</name>
         <load_address>0x65c</load_address>
         <run_address>0x65c</run_address>
         <size>0x18c</size>
         <input_file_ref idref="fl-2"/>
      </object_component>
      <object_component id="oc-12d">
         <name>.text:_FlashCtl_ProgramBurst</name>
         <load_address>0x7e8</load_address>
         <run_address>0x7e8</run_address>
         <size>0x180</size>
         <input_file_ref idref="fl-a"/>
      </object_component>
      <object_component id="oc-cb">
         <name>.text:FlashCtl_programMemory</name>
         <load_address>0x968</load_address>
         <run_address>0x968</run_address>
         <size>0xfa</size>
         <input_file_ref idref="fl-a"/>
      </object_component>
      <object_component id="oc-c5">
         <name>.text:FlashCtl_eraseSector</name>
         <load_address>0xa64</load_address>
         <run_address>0xa64</run_address>
         <size>0xec</size>
         <input_file_ref idref="fl-a"/>
      </object_component>
      <object_component id="oc-1b2">
         <name>.text:__FlashCtl_remaskBurstDataPost</name>
         <load_address>0xb50</load_address>
         <run_address>0xb50</run_address>
         <size>0xe4</size>
         <input_file_ref idref="fl-a"/>
      </object_component>
      <object_component id="oc-1ac">
         <name>.text:__FlashCtl_remaskBurstDataPre</name>
         <load_address>0xc34</load_address>
         <run_address>0xc34</run_address>
         <size>0xe4</size>
         <input_file_ref idref="fl-a"/>
      </object_component>
      <object_component id="oc-127">
         <name>.text:_FlashCtl_Program32</name>
         <load_address>0xd18</load_address>
         <run_address>0xd18</run_address>
         <size>0xb0</size>
         <input_file_ref idref="fl-a"/>
      </object_component>
      <object_component id="oc-1a5">
         <name>.text:__FlashCtl_remaskData32Post</name>
         <load_address>0xdc8</load_address>
         <run_address>0xdc8</run_address>
         <size>0xac</size>
         <input_file_ref idref="fl-a"/>
      </object_component>
      <object_component id="oc-19f">
         <name>.text:__FlashCtl_remaskData32Pre</name>
         <load_address>0xe74</load_address>
         <run_address>0xe74</run_address>
         <size>0xac</size>
         <input_file_ref idref="fl-a"/>
      </object_component>
      <object_component id="oc-121">
         <name>.text:_FlashCtl_Program8</name>
         <load_address>0xf20</load_address>
         <run_address>0xf20</run_address>
         <size>0xa8</size>
         <input_file_ref idref="fl-a"/>
      </object_component>
      <object_component id="oc-2b">
         <name>.text</name>
         <load_address>0xfc8</load_address>
         <run_address>0xfc8</run_address>
         <size>0x9c</size>
         <input_file_ref idref="fl-134"/>
      </object_component>
      <object_component id="oc-44">
         <name>.text</name>
         <load_address>0x1064</load_address>
         <run_address>0x1064</run_address>
         <size>0x7a</size>
         <input_file_ref idref="fl-135"/>
      </object_component>
      <object_component id="oc-192">
         <name>.text:__FlashCtl_remaskData8Pre</name>
         <load_address>0x10e0</load_address>
         <run_address>0x10e0</run_address>
         <size>0x6c</size>
         <input_file_ref idref="fl-a"/>
      </object_component>
      <object_component id="oc-56">
         <name>.text</name>
         <load_address>0x114c</load_address>
         <run_address>0x114c</run_address>
         <size>0x6c</size>
         <input_file_ref idref="fl-13a"/>
      </object_component>
      <object_component id="oc-37">
         <name>.text</name>
         <load_address>0x11b8</load_address>
         <run_address>0x11b8</run_address>
         <size>0x6a</size>
         <input_file_ref idref="fl-131"/>
      </object_component>
      <object_component id="oc-198">
         <name>.text:__FlashCtl_remaskData8Post</name>
         <load_address>0x1224</load_address>
         <run_address>0x1224</run_address>
         <size>0x68</size>
         <input_file_ref idref="fl-a"/>
      </object_component>
      <object_component id="oc-107">
         <name>.text:SysCtl_getTLVInfo</name>
         <load_address>0x128c</load_address>
         <run_address>0x128c</run_address>
         <size>0x50</size>
         <input_file_ref idref="fl-c"/>
      </object_component>
      <object_component id="oc-22">
         <name>.text</name>
         <load_address>0x12dc</load_address>
         <run_address>0x12dc</run_address>
         <size>0x50</size>
         <input_file_ref idref="fl-12f"/>
      </object_component>
      <object_component id="oc-16a">
         <name>.text:FlashCtl_setReadMode</name>
         <load_address>0x132c</load_address>
         <run_address>0x132c</run_address>
         <size>0x4c</size>
         <input_file_ref idref="fl-a"/>
      </object_component>
      <object_component id="oc-8e">
         <name>.text</name>
         <load_address>0x1378</load_address>
         <run_address>0x1378</run_address>
         <size>0x4c</size>
         <input_file_ref idref="fl-13b"/>
      </object_component>
      <object_component id="oc-62">
         <name>.text</name>
         <load_address>0x13c4</load_address>
         <run_address>0x13c4</run_address>
         <size>0x44</size>
         <input_file_ref idref="fl-133"/>
      </object_component>
      <object_component id="oc-186">
         <name>.text:FlashCtl_clearProgramVerification</name>
         <load_address>0x1408</load_address>
         <run_address>0x1408</run_address>
         <size>0x3c</size>
         <input_file_ref idref="fl-a"/>
      </object_component>
      <object_component id="oc-180">
         <name>.text:FlashCtl_setProgramVerification</name>
         <load_address>0x1444</load_address>
         <run_address>0x1444</run_address>
         <size>0x38</size>
         <input_file_ref idref="fl-a"/>
      </object_component>
      <object_component id="oc-164">
         <name>.text:FlashCtl_setWaitState</name>
         <load_address>0x147c</load_address>
         <run_address>0x147c</run_address>
         <size>0x28</size>
         <input_file_ref idref="fl-a"/>
      </object_component>
      <object_component id="oc-15e">
         <name>.text:FlashCtl_getReadMode</name>
         <load_address>0x14a4</load_address>
         <run_address>0x14a4</run_address>
         <size>0x24</size>
         <input_file_ref idref="fl-a"/>
      </object_component>
      <object_component id="oc-11b">
         <name>.text:FlashCtl_enableWordProgramming</name>
         <load_address>0x14c8</load_address>
         <run_address>0x14c8</run_address>
         <size>0x20</size>
         <input_file_ref idref="fl-a"/>
      </object_component>
      <object_component id="oc-158">
         <name>.text:FlashCtl_getWaitState</name>
         <load_address>0x14e8</load_address>
         <run_address>0x14e8</run_address>
         <size>0x1c</size>
         <input_file_ref idref="fl-a"/>
      </object_component>
      <object_component id="oc-5c">
         <name>.text</name>
         <load_address>0x1504</load_address>
         <run_address>0x1504</run_address>
         <size>0x18</size>
         <input_file_ref idref="fl-139"/>
      </object_component>
      <object_component id="oc-dd">
         <name>.text</name>
         <load_address>0x151c</load_address>
         <run_address>0x151c</run_address>
         <size>0x14</size>
         <input_file_ref idref="fl-138"/>
      </object_component>
      <object_component id="oc-6c">
         <name>.text</name>
         <load_address>0x1530</load_address>
         <run_address>0x1530</run_address>
         <size>0x12</size>
         <input_file_ref idref="fl-3"/>
      </object_component>
      <object_component id="oc-133">
         <name>.text:FlashCtl_disableWordProgramming</name>
         <load_address>0x1544</load_address>
         <run_address>0x1544</run_address>
         <size>0x10</size>
         <input_file_ref idref="fl-a"/>
      </object_component>
      <object_component id="oc-101">
         <name>.text:Interrupt_disableMaster</name>
         <load_address>0x1554</load_address>
         <run_address>0x1554</run_address>
         <size>0x10</size>
         <input_file_ref idref="fl-b"/>
      </object_component>
      <object_component id="oc-113">
         <name>.text:Interrupt_enableMaster</name>
         <load_address>0x1564</load_address>
         <run_address>0x1564</run_address>
         <size>0x10</size>
         <input_file_ref idref="fl-b"/>
      </object_component>
      <object_component id="oc-10">
         <name>.text:decompress:none</name>
         <load_address>0x1574</load_address>
         <run_address>0x1574</run_address>
         <size>0xe</size>
         <input_file_ref idref="fl-130"/>
      </object_component>
      <object_component id="oc-149">
         <name>.text:CPU_cpsid</name>
         <load_address>0x1582</load_address>
         <run_address>0x1582</run_address>
         <size>0xc</size>
         <input_file_ref idref="fl-d"/>
      </object_component>
      <object_component id="oc-171">
         <name>.text:CPU_cpsie</name>
         <load_address>0x158e</load_address>
         <run_address>0x158e</run_address>
         <size>0xc</size>
         <input_file_ref idref="fl-d"/>
      </object_component>
      <object_component id="oc-18c">
         <name>.text:FlashCtl_getInterruptStatus</name>
         <load_address>0x159c</load_address>
         <run_address>0x159c</run_address>
         <size>0xc</size>
         <input_file_ref idref="fl-a"/>
      </object_component>
      <object_component id="oc-152">
         <name>.text:SysCtl_getFlashSize</name>
         <load_address>0x15a8</load_address>
         <run_address>0x15a8</run_address>
         <size>0xc</size>
         <input_file_ref idref="fl-c"/>
      </object_component>
      <object_component id="oc-fb">
         <name>.text:CPU_primask</name>
         <load_address>0x15b4</load_address>
         <run_address>0x15b4</run_address>
         <size>0xa</size>
         <input_file_ref idref="fl-d"/>
      </object_component>
      <object_component id="oc-16">
         <name>.text:decompress:rle24</name>
         <load_address>0x15be</load_address>
         <run_address>0x15be</run_address>
         <size>0x6</size>
         <input_file_ref idref="fl-131"/>
      </object_component>
      <object_component id="oc-50">
         <name>.text</name>
         <load_address>0x15c4</load_address>
         <run_address>0x15c4</run_address>
         <size>0x4</size>
         <input_file_ref idref="fl-136"/>
      </object_component>
      <object_component id="oc-1f5">
         <name>.cinit..data.load</name>
         <load_address>0x15c8</load_address>
         <run_address>0x15c8</run_address>
         <size>0x53</size>
      </object_component>
      <object_component id="oc-1f3">
         <name>__TI_handler_table</name>
         <load_address>0x161c</load_address>
         <run_address>0x161c</run_address>
         <size>0x8</size>
      </object_component>
      <object_component id="oc-1f4">
         <name>__TI_cinit_table</name>
         <load_address>0x1624</load_address>
         <run_address>0x1624</run_address>
         <size>0x8</size>
      </object_component>
      <object_component id="oc-2a">
         <name>.stack</name>
         <uninitialized>true</uninitialized>
         <run_address>0x2000fe00</run_address>
         <size>0x0</size>
         <input_file_ref idref="fl-12f"/>
      </object_component>
      <object_component id="oc-1f6">
         <name>.stack</name>
         <uninitialized>true</uninitialized>
         <run_address>0x2000fe00</run_address>
         <size>0x0</size>
      </object_component>
      <object_component id="oc-d1">
         <name>.data</name>
         <load_address>0x20000050</load_address>
         <run_address>0x20000050</run_address>
         <size>0x4</size>
         <input_file_ref idref="fl-2"/>
      </object_component>
      <object_component id="oc-eb">
         <name>.data</name>
         <load_address>0x20000058</load_address>
         <run_address>0x20000058</run_address>
         <size>0x4</size>
         <input_file_ref idref="fl-4"/>
      </object_component>
      <object_component id="oc-1b8">
         <name>.data:__getBurstProgramRegs</name>
         <load_address>0x20000000</load_address>
         <run_address>0x20000000</run_address>
         <size>0x40</size>
         <input_file_ref idref="fl-a"/>
      </object_component>
      <object_component id="oc-a1">
         <name>.data</name>
         <load_address>0x20000048</load_address>
         <run_address>0x20000048</run_address>
         <size>0x8</size>
         <input_file_ref idref="fl-133"/>
      </object_component>
      <object_component id="oc-68">
         <name>.data</name>
         <load_address>0x20000054</load_address>
         <run_address>0x20000054</run_address>
         <size>0x4</size>
         <input_file_ref idref="fl-137"/>
      </object_component>
      <object_component id="oc-9e">
         <name>.data</name>
         <load_address>0x20000040</load_address>
         <run_address>0x20000040</run_address>
         <size>0x8</size>
         <input_file_ref idref="fl-138"/>
      </object_component>
      <object_component id="oc-d5">
         <name>.debug_info</name>
         <load_address>0x0</load_address>
         <run_address>0x0</run_address>
         <size>0x419</size>
         <input_file_ref idref="fl-2"/>
      </object_component>
      <object_component id="oc-d2">
         <name>.debug_info</name>
         <load_address>0x419</load_address>
         <run_address>0x419</run_address>
         <size>0xc7</size>
         <input_file_ref idref="fl-2"/>
      </object_component>
      <object_component id="oc-97">
         <name>.debug_info</name>
         <load_address>0x4e0</load_address>
         <run_address>0x4e0</run_address>
         <size>0x21f</size>
         <input_file_ref idref="fl-2"/>
      </object_component>
      <object_component id="oc-13e">
         <name>.debug_info</name>
         <load_address>0x6ff</load_address>
         <run_address>0x6ff</run_address>
         <size>0x103e</size>
         <input_file_ref idref="fl-2"/>
      </object_component>
      <object_component id="oc-17a">
         <name>.debug_info</name>
         <load_address>0x173d</load_address>
         <run_address>0x173d</run_address>
         <size>0x1b5</size>
         <input_file_ref idref="fl-2"/>
      </object_component>
      <object_component id="oc-b2">
         <name>.debug_info</name>
         <load_address>0x18f2</load_address>
         <run_address>0x18f2</run_address>
         <size>0x8b</size>
         <input_file_ref idref="fl-2"/>
      </object_component>
      <object_component id="oc-ef">
         <name>.debug_info</name>
         <load_address>0x197d</load_address>
         <run_address>0x197d</run_address>
         <size>0x18b</size>
         <input_file_ref idref="fl-2"/>
      </object_component>
      <object_component id="oc-85">
         <name>.debug_info</name>
         <load_address>0x1b08</load_address>
         <run_address>0x1b08</run_address>
         <size>0x2c</size>
         <input_file_ref idref="fl-2"/>
      </object_component>
      <object_component id="oc-74">
         <name>.debug_info</name>
         <load_address>0x1b34</load_address>
         <run_address>0x1b34</run_address>
         <size>0x10b</size>
         <input_file_ref idref="fl-3"/>
      </object_component>
      <object_component id="oc-28">
         <name>.debug_info</name>
         <load_address>0x1c3f</load_address>
         <run_address>0x1c3f</run_address>
         <size>0xdc</size>
         <input_file_ref idref="fl-3"/>
      </object_component>
      <object_component id="oc-6d">
         <name>.debug_info</name>
         <load_address>0x1d1b</load_address>
         <run_address>0x1d1b</run_address>
         <size>0x243</size>
         <input_file_ref idref="fl-3"/>
      </object_component>
      <object_component id="oc-7d">
         <name>.debug_info</name>
         <load_address>0x1f5e</load_address>
         <run_address>0x1f5e</run_address>
         <size>0x84</size>
         <input_file_ref idref="fl-3"/>
      </object_component>
      <object_component id="oc-ec">
         <name>.debug_info</name>
         <load_address>0x1fe2</load_address>
         <run_address>0x1fe2</run_address>
         <size>0xd5</size>
         <input_file_ref idref="fl-4"/>
      </object_component>
      <object_component id="oc-aa">
         <name>.debug_info</name>
         <load_address>0x20b7</load_address>
         <run_address>0x20b7</run_address>
         <size>0x247</size>
         <input_file_ref idref="fl-4"/>
      </object_component>
      <object_component id="oc-11a">
         <name>.debug_info</name>
         <load_address>0x22fe</load_address>
         <run_address>0x22fe</run_address>
         <size>0x5c2</size>
         <input_file_ref idref="fl-a"/>
      </object_component>
      <object_component id="oc-1b9">
         <name>.debug_info</name>
         <load_address>0x28c0</load_address>
         <run_address>0x28c0</run_address>
         <size>0xd3</size>
         <input_file_ref idref="fl-a"/>
      </object_component>
      <object_component id="oc-159">
         <name>.debug_info</name>
         <load_address>0x2993</load_address>
         <run_address>0x2993</run_address>
         <size>0x137</size>
         <input_file_ref idref="fl-a"/>
      </object_component>
      <object_component id="oc-15f">
         <name>.debug_info</name>
         <load_address>0x2aca</load_address>
         <run_address>0x2aca</run_address>
         <size>0x13b</size>
         <input_file_ref idref="fl-a"/>
      </object_component>
      <object_component id="oc-165">
         <name>.debug_info</name>
         <load_address>0x2c05</load_address>
         <run_address>0x2c05</run_address>
         <size>0x16f</size>
         <input_file_ref idref="fl-a"/>
      </object_component>
      <object_component id="oc-16b">
         <name>.debug_info</name>
         <load_address>0x2d74</load_address>
         <run_address>0x2d74</run_address>
         <size>0x16d</size>
         <input_file_ref idref="fl-a"/>
      </object_component>
      <object_component id="oc-193">
         <name>.debug_info</name>
         <load_address>0x2ee1</load_address>
         <run_address>0x2ee1</run_address>
         <size>0x27b</size>
         <input_file_ref idref="fl-a"/>
      </object_component>
      <object_component id="oc-199">
         <name>.debug_info</name>
         <load_address>0x315c</load_address>
         <run_address>0x315c</run_address>
         <size>0x27d</size>
         <input_file_ref idref="fl-a"/>
      </object_component>
      <object_component id="oc-1a0">
         <name>.debug_info</name>
         <load_address>0x33d9</load_address>
         <run_address>0x33d9</run_address>
         <size>0x3b0</size>
         <input_file_ref idref="fl-a"/>
      </object_component>
      <object_component id="oc-1a6">
         <name>.debug_info</name>
         <load_address>0x3789</load_address>
         <run_address>0x3789</run_address>
         <size>0x3b2</size>
         <input_file_ref idref="fl-a"/>
      </object_component>
      <object_component id="oc-1ad">
         <name>.debug_info</name>
         <load_address>0x3b3b</load_address>
         <run_address>0x3b3b</run_address>
         <size>0x3b2</size>
         <input_file_ref idref="fl-a"/>
      </object_component>
      <object_component id="oc-1b3">
         <name>.debug_info</name>
         <load_address>0x3eed</load_address>
         <run_address>0x3eed</run_address>
         <size>0x3b4</size>
         <input_file_ref idref="fl-a"/>
      </object_component>
      <object_component id="oc-10e">
         <name>.debug_info</name>
         <load_address>0x42a1</load_address>
         <run_address>0x42a1</run_address>
         <size>0x4dc</size>
         <input_file_ref idref="fl-a"/>
      </object_component>
      <object_component id="oc-181">
         <name>.debug_info</name>
         <load_address>0x477d</load_address>
         <run_address>0x477d</run_address>
         <size>0x16f</size>
         <input_file_ref idref="fl-a"/>
      </object_component>
      <object_component id="oc-11c">
         <name>.debug_info</name>
         <load_address>0x48ec</load_address>
         <run_address>0x48ec</run_address>
         <size>0x131</size>
         <input_file_ref idref="fl-a"/>
      </object_component>
      <object_component id="oc-187">
         <name>.debug_info</name>
         <load_address>0x4a1d</load_address>
         <run_address>0x4a1d</run_address>
         <size>0x173</size>
         <input_file_ref idref="fl-a"/>
      </object_component>
      <object_component id="oc-18d">
         <name>.debug_info</name>
         <load_address>0x4b90</load_address>
         <run_address>0x4b90</run_address>
         <size>0x10d</size>
         <input_file_ref idref="fl-a"/>
      </object_component>
      <object_component id="oc-122">
         <name>.debug_info</name>
         <load_address>0x4c9d</load_address>
         <run_address>0x4c9d</run_address>
         <size>0x284</size>
         <input_file_ref idref="fl-a"/>
      </object_component>
      <object_component id="oc-128">
         <name>.debug_info</name>
         <load_address>0x4f21</load_address>
         <run_address>0x4f21</run_address>
         <size>0x289</size>
         <input_file_ref idref="fl-a"/>
      </object_component>
      <object_component id="oc-12e">
         <name>.debug_info</name>
         <load_address>0x51aa</load_address>
         <run_address>0x51aa</run_address>
         <size>0x2e2</size>
         <input_file_ref idref="fl-a"/>
      </object_component>
      <object_component id="oc-134">
         <name>.debug_info</name>
         <load_address>0x548c</load_address>
         <run_address>0x548c</run_address>
         <size>0x111</size>
         <input_file_ref idref="fl-a"/>
      </object_component>
      <object_component id="oc-cc">
         <name>.debug_info</name>
         <load_address>0x559d</load_address>
         <run_address>0x559d</run_address>
         <size>0x360</size>
         <input_file_ref idref="fl-a"/>
      </object_component>
      <object_component id="oc-c6">
         <name>.debug_info</name>
         <load_address>0x58fd</load_address>
         <run_address>0x58fd</run_address>
         <size>0x258</size>
         <input_file_ref idref="fl-a"/>
      </object_component>
      <object_component id="oc-114">
         <name>.debug_info</name>
         <load_address>0x5b55</load_address>
         <run_address>0x5b55</run_address>
         <size>0x11c</size>
         <input_file_ref idref="fl-b"/>
      </object_component>
      <object_component id="oc-102">
         <name>.debug_info</name>
         <load_address>0x5c71</load_address>
         <run_address>0x5c71</run_address>
         <size>0x11e</size>
         <input_file_ref idref="fl-b"/>
      </object_component>
      <object_component id="oc-151">
         <name>.debug_info</name>
         <load_address>0x5d8f</load_address>
         <run_address>0x5d8f</run_address>
         <size>0x373</size>
         <input_file_ref idref="fl-c"/>
      </object_component>
      <object_component id="oc-109">
         <name>.debug_info</name>
         <load_address>0x6102</load_address>
         <run_address>0x6102</run_address>
         <size>0x1d0</size>
         <input_file_ref idref="fl-c"/>
      </object_component>
      <object_component id="oc-154">
         <name>.debug_info</name>
         <load_address>0x62d2</load_address>
         <run_address>0x62d2</run_address>
         <size>0xfd</size>
         <input_file_ref idref="fl-c"/>
      </object_component>
      <object_component id="oc-fc">
         <name>.debug_info</name>
         <load_address>0x63cf</load_address>
         <run_address>0x63cf</run_address>
         <size>0xe4</size>
         <input_file_ref idref="fl-d"/>
      </object_component>
      <object_component id="oc-172">
         <name>.debug_info</name>
         <load_address>0x64b3</load_address>
         <run_address>0x64b3</run_address>
         <size>0xe1</size>
         <input_file_ref idref="fl-d"/>
      </object_component>
      <object_component id="oc-14a">
         <name>.debug_info</name>
         <load_address>0x6594</load_address>
         <run_address>0x6594</run_address>
         <size>0xe0</size>
         <input_file_ref idref="fl-d"/>
      </object_component>
      <object_component id="oc-25">
         <name>.debug_info</name>
         <load_address>0x6674</load_address>
         <run_address>0x6674</run_address>
         <size>0x134</size>
         <input_file_ref idref="fl-12f"/>
      </object_component>
      <object_component id="oc-36">
         <name>.debug_info</name>
         <load_address>0x67a8</load_address>
         <run_address>0x67a8</run_address>
         <size>0x121</size>
         <input_file_ref idref="fl-130"/>
      </object_component>
      <object_component id="oc-14">
         <name>.debug_info</name>
         <load_address>0x68c9</load_address>
         <run_address>0x68c9</run_address>
         <size>0x1c0</size>
         <input_file_ref idref="fl-130"/>
      </object_component>
      <object_component id="oc-31">
         <name>.debug_info</name>
         <load_address>0x6a89</load_address>
         <run_address>0x6a89</run_address>
         <size>0x46</size>
         <input_file_ref idref="fl-130"/>
      </object_component>
      <object_component id="oc-76">
         <name>.debug_info</name>
         <load_address>0x6acf</load_address>
         <run_address>0x6acf</run_address>
         <size>0x2c</size>
         <input_file_ref idref="fl-130"/>
      </object_component>
      <object_component id="oc-3e">
         <name>.debug_info</name>
         <load_address>0x6afb</load_address>
         <run_address>0x6afb</run_address>
         <size>0x115</size>
         <input_file_ref idref="fl-131"/>
      </object_component>
      <object_component id="oc-39">
         <name>.debug_info</name>
         <load_address>0x6c10</load_address>
         <run_address>0x6c10</run_address>
         <size>0x228</size>
         <input_file_ref idref="fl-131"/>
      </object_component>
      <object_component id="oc-18">
         <name>.debug_info</name>
         <load_address>0x6e38</load_address>
         <run_address>0x6e38</run_address>
         <size>0x192</size>
         <input_file_ref idref="fl-131"/>
      </object_component>
      <object_component id="oc-3f">
         <name>.debug_info</name>
         <load_address>0x6fca</load_address>
         <run_address>0x6fca</run_address>
         <size>0x39</size>
         <input_file_ref idref="fl-131"/>
      </object_component>
      <object_component id="oc-a5">
         <name>.debug_info</name>
         <load_address>0x7003</load_address>
         <run_address>0x7003</run_address>
         <size>0x172</size>
         <input_file_ref idref="fl-133"/>
      </object_component>
      <object_component id="oc-a2">
         <name>.debug_info</name>
         <load_address>0x7175</load_address>
         <run_address>0x7175</run_address>
         <size>0x117</size>
         <input_file_ref idref="fl-133"/>
      </object_component>
      <object_component id="oc-63">
         <name>.debug_info</name>
         <load_address>0x728c</load_address>
         <run_address>0x728c</run_address>
         <size>0x1ee</size>
         <input_file_ref idref="fl-133"/>
      </object_component>
      <object_component id="oc-2c">
         <name>.debug_info</name>
         <load_address>0x747a</load_address>
         <run_address>0x747a</run_address>
         <size>0xf6</size>
         <input_file_ref idref="fl-134"/>
      </object_component>
      <object_component id="oc-45">
         <name>.debug_info</name>
         <load_address>0x7570</load_address>
         <run_address>0x7570</run_address>
         <size>0x124</size>
         <input_file_ref idref="fl-135"/>
      </object_component>
      <object_component id="oc-51">
         <name>.debug_info</name>
         <load_address>0x7694</load_address>
         <run_address>0x7694</run_address>
         <size>0x129</size>
         <input_file_ref idref="fl-136"/>
      </object_component>
      <object_component id="oc-69">
         <name>.debug_info</name>
         <load_address>0x77bd</load_address>
         <run_address>0x77bd</run_address>
         <size>0xea</size>
         <input_file_ref idref="fl-137"/>
      </object_component>
      <object_component id="oc-e5">
         <name>.debug_info</name>
         <load_address>0x78a7</load_address>
         <run_address>0x78a7</run_address>
         <size>0x105</size>
         <input_file_ref idref="fl-138"/>
      </object_component>
      <object_component id="oc-9f">
         <name>.debug_info</name>
         <load_address>0x79ac</load_address>
         <run_address>0x79ac</run_address>
         <size>0xf4</size>
         <input_file_ref idref="fl-138"/>
      </object_component>
      <object_component id="oc-de">
         <name>.debug_info</name>
         <load_address>0x7aa0</load_address>
         <run_address>0x7aa0</run_address>
         <size>0x200</size>
         <input_file_ref idref="fl-138"/>
      </object_component>
      <object_component id="oc-9d">
         <name>.debug_info</name>
         <load_address>0x7ca0</load_address>
         <run_address>0x7ca0</run_address>
         <size>0x147</size>
         <input_file_ref idref="fl-139"/>
      </object_component>
      <object_component id="oc-5d">
         <name>.debug_info</name>
         <load_address>0x7de7</load_address>
         <run_address>0x7de7</run_address>
         <size>0x148</size>
         <input_file_ref idref="fl-139"/>
      </object_component>
      <object_component id="oc-d8">
         <name>.debug_info</name>
         <load_address>0x7f2f</load_address>
         <run_address>0x7f2f</run_address>
         <size>0x5e</size>
         <input_file_ref idref="fl-139"/>
      </object_component>
      <object_component id="oc-95">
         <name>.debug_info</name>
         <load_address>0x7f8d</load_address>
         <run_address>0x7f8d</run_address>
         <size>0x29e</size>
         <input_file_ref idref="fl-13a"/>
      </object_component>
      <object_component id="oc-57">
         <name>.debug_info</name>
         <load_address>0x822b</load_address>
         <run_address>0x822b</run_address>
         <size>0x158</size>
         <input_file_ref idref="fl-13a"/>
      </object_component>
      <object_component id="oc-bb">
         <name>.debug_info</name>
         <load_address>0x8383</load_address>
         <run_address>0x8383</run_address>
         <size>0x39</size>
         <input_file_ref idref="fl-13a"/>
      </object_component>
      <object_component id="oc-c0">
         <name>.debug_info</name>
         <load_address>0x83bc</load_address>
         <run_address>0x83bc</run_address>
         <size>0xcd</size>
         <input_file_ref idref="fl-13a"/>
      </object_component>
      <object_component id="oc-b8">
         <name>.debug_info</name>
         <load_address>0x8489</load_address>
         <run_address>0x8489</run_address>
         <size>0x1c1</size>
         <input_file_ref idref="fl-13b"/>
      </object_component>
      <object_component id="oc-8f">
         <name>.debug_info</name>
         <load_address>0x864a</load_address>
         <run_address>0x864a</run_address>
         <size>0x164</size>
         <input_file_ref idref="fl-13b"/>
      </object_component>
      <object_component id="oc-f6">
         <name>.debug_info</name>
         <load_address>0x87ae</load_address>
         <run_address>0x87ae</run_address>
         <size>0x2c</size>
         <input_file_ref idref="fl-13b"/>
      </object_component>
      <object_component id="oc-1f7">
         <name>.debug_info</name>
         <load_address>0x87da</load_address>
         <run_address>0x87da</run_address>
         <size>0x8f</size>
      </object_component>
      <object_component id="oc-13d">
         <name>.debug_line</name>
         <load_address>0x0</load_address>
         <run_address>0x0</run_address>
         <size>0x91</size>
         <input_file_ref idref="fl-2"/>
      </object_component>
      <object_component id="oc-13b">
         <name>.debug_line</name>
         <load_address>0x91</load_address>
         <run_address>0x91</run_address>
         <size>0x2d</size>
         <input_file_ref idref="fl-2"/>
      </object_component>
      <object_component id="oc-9a">
         <name>.debug_line</name>
         <load_address>0xbe</load_address>
         <run_address>0xbe</run_address>
         <size>0xc3</size>
         <input_file_ref idref="fl-2"/>
      </object_component>
      <object_component id="oc-141">
         <name>.debug_line</name>
         <load_address>0x181</load_address>
         <run_address>0x181</run_address>
         <size>0x55</size>
         <input_file_ref idref="fl-2"/>
      </object_component>
      <object_component id="oc-17d">
         <name>.debug_line</name>
         <load_address>0x1d6</load_address>
         <run_address>0x1d6</run_address>
         <size>0x52</size>
         <input_file_ref idref="fl-2"/>
      </object_component>
      <object_component id="oc-b5">
         <name>.debug_line</name>
         <load_address>0x228</load_address>
         <run_address>0x228</run_address>
         <size>0x20</size>
         <input_file_ref idref="fl-2"/>
      </object_component>
      <object_component id="oc-f2">
         <name>.debug_line</name>
         <load_address>0x248</load_address>
         <run_address>0x248</run_address>
         <size>0x60</size>
         <input_file_ref idref="fl-2"/>
      </object_component>
      <object_component id="oc-88">
         <name>.debug_line</name>
         <load_address>0x2a8</load_address>
         <run_address>0x2a8</run_address>
         <size>0x60</size>
         <input_file_ref idref="fl-2"/>
      </object_component>
      <object_component id="oc-b1">
         <name>.debug_line</name>
         <load_address>0x308</load_address>
         <run_address>0x308</run_address>
         <size>0x40</size>
         <input_file_ref idref="fl-3"/>
      </object_component>
      <object_component id="oc-73">
         <name>.debug_line</name>
         <load_address>0x348</load_address>
         <run_address>0x348</run_address>
         <size>0x40</size>
         <input_file_ref idref="fl-3"/>
      </object_component>
      <object_component id="oc-70">
         <name>.debug_line</name>
         <load_address>0x388</load_address>
         <run_address>0x388</run_address>
         <size>0xa1</size>
         <input_file_ref idref="fl-3"/>
      </object_component>
      <object_component id="oc-80">
         <name>.debug_line</name>
         <load_address>0x429</load_address>
         <run_address>0x429</run_address>
         <size>0x20</size>
         <input_file_ref idref="fl-3"/>
      </object_component>
      <object_component id="oc-147">
         <name>.debug_line</name>
         <load_address>0x449</load_address>
         <run_address>0x449</run_address>
         <size>0x3b</size>
         <input_file_ref idref="fl-4"/>
      </object_component>
      <object_component id="oc-ad">
         <name>.debug_line</name>
         <load_address>0x484</load_address>
         <run_address>0x484</run_address>
         <size>0x157</size>
         <input_file_ref idref="fl-4"/>
      </object_component>
      <object_component id="oc-179">
         <name>.debug_line</name>
         <load_address>0x5db</load_address>
         <run_address>0x5db</run_address>
         <size>0x4a</size>
         <input_file_ref idref="fl-a"/>
      </object_component>
      <object_component id="oc-1d0">
         <name>.debug_line</name>
         <load_address>0x625</load_address>
         <run_address>0x625</run_address>
         <size>0x2b</size>
         <input_file_ref idref="fl-a"/>
      </object_component>
      <object_component id="oc-15c">
         <name>.debug_line</name>
         <load_address>0x650</load_address>
         <run_address>0x650</run_address>
         <size>0x40</size>
         <input_file_ref idref="fl-a"/>
      </object_component>
      <object_component id="oc-162">
         <name>.debug_line</name>
         <load_address>0x690</load_address>
         <run_address>0x690</run_address>
         <size>0x40</size>
         <input_file_ref idref="fl-a"/>
      </object_component>
      <object_component id="oc-168">
         <name>.debug_line</name>
         <load_address>0x6d0</load_address>
         <run_address>0x6d0</run_address>
         <size>0x4a</size>
         <input_file_ref idref="fl-a"/>
      </object_component>
      <object_component id="oc-16e">
         <name>.debug_line</name>
         <load_address>0x71a</load_address>
         <run_address>0x71a</run_address>
         <size>0x52</size>
         <input_file_ref idref="fl-a"/>
      </object_component>
      <object_component id="oc-196">
         <name>.debug_line</name>
         <load_address>0x76c</load_address>
         <run_address>0x76c</run_address>
         <size>0x53</size>
         <input_file_ref idref="fl-a"/>
      </object_component>
      <object_component id="oc-19c">
         <name>.debug_line</name>
         <load_address>0x7bf</load_address>
         <run_address>0x7bf</run_address>
         <size>0x50</size>
         <input_file_ref idref="fl-a"/>
      </object_component>
      <object_component id="oc-1a3">
         <name>.debug_line</name>
         <load_address>0x80f</load_address>
         <run_address>0x80f</run_address>
         <size>0x66</size>
         <input_file_ref idref="fl-a"/>
      </object_component>
      <object_component id="oc-1a9">
         <name>.debug_line</name>
         <load_address>0x875</load_address>
         <run_address>0x875</run_address>
         <size>0x66</size>
         <input_file_ref idref="fl-a"/>
      </object_component>
      <object_component id="oc-1b0">
         <name>.debug_line</name>
         <load_address>0x8db</load_address>
         <run_address>0x8db</run_address>
         <size>0x82</size>
         <input_file_ref idref="fl-a"/>
      </object_component>
      <object_component id="oc-1b6">
         <name>.debug_line</name>
         <load_address>0x95d</load_address>
         <run_address>0x95d</run_address>
         <size>0x82</size>
         <input_file_ref idref="fl-a"/>
      </object_component>
      <object_component id="oc-111">
         <name>.debug_line</name>
         <load_address>0x9df</load_address>
         <run_address>0x9df</run_address>
         <size>0x147</size>
         <input_file_ref idref="fl-a"/>
      </object_component>
      <object_component id="oc-184">
         <name>.debug_line</name>
         <load_address>0xb26</load_address>
         <run_address>0xb26</run_address>
         <size>0x58</size>
         <input_file_ref idref="fl-a"/>
      </object_component>
      <object_component id="oc-11f">
         <name>.debug_line</name>
         <load_address>0xb7e</load_address>
         <run_address>0xb7e</run_address>
         <size>0x4b</size>
         <input_file_ref idref="fl-a"/>
      </object_component>
      <object_component id="oc-18a">
         <name>.debug_line</name>
         <load_address>0xbc9</load_address>
         <run_address>0xbc9</run_address>
         <size>0x58</size>
         <input_file_ref idref="fl-a"/>
      </object_component>
      <object_component id="oc-190">
         <name>.debug_line</name>
         <load_address>0xc21</load_address>
         <run_address>0xc21</run_address>
         <size>0x40</size>
         <input_file_ref idref="fl-a"/>
      </object_component>
      <object_component id="oc-125">
         <name>.debug_line</name>
         <load_address>0xc61</load_address>
         <run_address>0xc61</run_address>
         <size>0x7c</size>
         <input_file_ref idref="fl-a"/>
      </object_component>
      <object_component id="oc-12b">
         <name>.debug_line</name>
         <load_address>0xcdd</load_address>
         <run_address>0xcdd</run_address>
         <size>0x7e</size>
         <input_file_ref idref="fl-a"/>
      </object_component>
      <object_component id="oc-131">
         <name>.debug_line</name>
         <load_address>0xd5b</load_address>
         <run_address>0xd5b</run_address>
         <size>0x10e</size>
         <input_file_ref idref="fl-a"/>
      </object_component>
      <object_component id="oc-137">
         <name>.debug_line</name>
         <load_address>0xe69</load_address>
         <run_address>0xe69</run_address>
         <size>0x40</size>
         <input_file_ref idref="fl-a"/>
      </object_component>
      <object_component id="oc-cf">
         <name>.debug_line</name>
         <load_address>0xea9</load_address>
         <run_address>0xea9</run_address>
         <size>0xbc</size>
         <input_file_ref idref="fl-a"/>
      </object_component>
      <object_component id="oc-c9">
         <name>.debug_line</name>
         <load_address>0xf65</load_address>
         <run_address>0xf65</run_address>
         <size>0xb9</size>
         <input_file_ref idref="fl-a"/>
      </object_component>
      <object_component id="oc-117">
         <name>.debug_line</name>
         <load_address>0x101e</load_address>
         <run_address>0x101e</run_address>
         <size>0x44</size>
         <input_file_ref idref="fl-b"/>
      </object_component>
      <object_component id="oc-105">
         <name>.debug_line</name>
         <load_address>0x1062</load_address>
         <run_address>0x1062</run_address>
         <size>0x44</size>
         <input_file_ref idref="fl-b"/>
      </object_component>
      <object_component id="oc-1bf">
         <name>.debug_line</name>
         <load_address>0x10a6</load_address>
         <run_address>0x10a6</run_address>
         <size>0x20</size>
         <input_file_ref idref="fl-c"/>
      </object_component>
      <object_component id="oc-108">
         <name>.debug_line</name>
         <load_address>0x10c6</load_address>
         <run_address>0x10c6</run_address>
         <size>0x58</size>
         <input_file_ref idref="fl-c"/>
      </object_component>
      <object_component id="oc-153">
         <name>.debug_line</name>
         <load_address>0x111e</load_address>
         <run_address>0x111e</run_address>
         <size>0x41</size>
         <input_file_ref idref="fl-c"/>
      </object_component>
      <object_component id="oc-ff">
         <name>.debug_line</name>
         <load_address>0x115f</load_address>
         <run_address>0x115f</run_address>
         <size>0x3e</size>
         <input_file_ref idref="fl-d"/>
      </object_component>
      <object_component id="oc-175">
         <name>.debug_line</name>
         <load_address>0x119d</load_address>
         <run_address>0x119d</run_address>
         <size>0x3e</size>
         <input_file_ref idref="fl-d"/>
      </object_component>
      <object_component id="oc-14d">
         <name>.debug_line</name>
         <load_address>0x11db</load_address>
         <run_address>0x11db</run_address>
         <size>0x3e</size>
         <input_file_ref idref="fl-d"/>
      </object_component>
      <object_component id="oc-24">
         <name>.debug_line</name>
         <load_address>0x1219</load_address>
         <run_address>0x1219</run_address>
         <size>0x52</size>
         <input_file_ref idref="fl-12f"/>
      </object_component>
      <object_component id="oc-7c">
         <name>.debug_line</name>
         <load_address>0x126b</load_address>
         <run_address>0x126b</run_address>
         <size>0x80</size>
         <input_file_ref idref="fl-130"/>
      </object_component>
      <object_component id="oc-11">
         <name>.debug_line</name>
         <load_address>0x12eb</load_address>
         <run_address>0x12eb</run_address>
         <size>0x55</size>
         <input_file_ref idref="fl-130"/>
      </object_component>
      <object_component id="oc-34">
         <name>.debug_line</name>
         <load_address>0x1340</load_address>
         <run_address>0x1340</run_address>
         <size>0x3a</size>
         <input_file_ref idref="fl-130"/>
      </object_component>
      <object_component id="oc-79">
         <name>.debug_line</name>
         <load_address>0x137a</load_address>
         <run_address>0x137a</run_address>
         <size>0x80</size>
         <input_file_ref idref="fl-130"/>
      </object_component>
      <object_component id="oc-84">
         <name>.debug_line</name>
         <load_address>0x13fa</load_address>
         <run_address>0x13fa</run_address>
         <size>0x80</size>
         <input_file_ref idref="fl-131"/>
      </object_component>
      <object_component id="oc-3b">
         <name>.debug_line</name>
         <load_address>0x147a</load_address>
         <run_address>0x147a</run_address>
         <size>0x98</size>
         <input_file_ref idref="fl-131"/>
      </object_component>
      <object_component id="oc-1a">
         <name>.debug_line</name>
         <load_address>0x1512</load_address>
         <run_address>0x1512</run_address>
         <size>0x4b</size>
         <input_file_ref idref="fl-131"/>
      </object_component>
      <object_component id="oc-42">
         <name>.debug_line</name>
         <load_address>0x155d</load_address>
         <run_address>0x155d</run_address>
         <size>0x39</size>
         <input_file_ref idref="fl-131"/>
      </object_component>
      <object_component id="oc-ea">
         <name>.debug_line</name>
         <load_address>0x1596</load_address>
         <run_address>0x1596</run_address>
         <size>0x7f</size>
         <input_file_ref idref="fl-133"/>
      </object_component>
      <object_component id="oc-e8">
         <name>.debug_line</name>
         <load_address>0x1615</load_address>
         <run_address>0x1615</run_address>
         <size>0x2a</size>
         <input_file_ref idref="fl-133"/>
      </object_component>
      <object_component id="oc-67">
         <name>.debug_line</name>
         <load_address>0x163f</load_address>
         <run_address>0x163f</run_address>
         <size>0x7a</size>
         <input_file_ref idref="fl-133"/>
      </object_component>
      <object_component id="oc-2f">
         <name>.debug_line</name>
         <load_address>0x16b9</load_address>
         <run_address>0x16b9</run_address>
         <size>0x88</size>
         <input_file_ref idref="fl-134"/>
      </object_component>
      <object_component id="oc-48">
         <name>.debug_line</name>
         <load_address>0x1741</load_address>
         <run_address>0x1741</run_address>
         <size>0x79</size>
         <input_file_ref idref="fl-135"/>
      </object_component>
      <object_component id="oc-54">
         <name>.debug_line</name>
         <load_address>0x17ba</load_address>
         <run_address>0x17ba</run_address>
         <size>0x40</size>
         <input_file_ref idref="fl-136"/>
      </object_component>
      <object_component id="oc-a8">
         <name>.debug_line</name>
         <load_address>0x17fa</load_address>
         <run_address>0x17fa</run_address>
         <size>0x33</size>
         <input_file_ref idref="fl-137"/>
      </object_component>
      <object_component id="oc-145">
         <name>.debug_line</name>
         <load_address>0x182d</load_address>
         <run_address>0x182d</run_address>
         <size>0x20</size>
         <input_file_ref idref="fl-138"/>
      </object_component>
      <object_component id="oc-e4">
         <name>.debug_line</name>
         <load_address>0x184d</load_address>
         <run_address>0x184d</run_address>
         <size>0x2b</size>
         <input_file_ref idref="fl-138"/>
      </object_component>
      <object_component id="oc-e1">
         <name>.debug_line</name>
         <load_address>0x1878</load_address>
         <run_address>0x1878</run_address>
         <size>0x68</size>
         <input_file_ref idref="fl-138"/>
      </object_component>
      <object_component id="oc-d7">
         <name>.debug_line</name>
         <load_address>0x18e0</load_address>
         <run_address>0x18e0</run_address>
         <size>0x2b</size>
         <input_file_ref idref="fl-139"/>
      </object_component>
      <object_component id="oc-60">
         <name>.debug_line</name>
         <load_address>0x190b</load_address>
         <run_address>0x190b</run_address>
         <size>0x50</size>
         <input_file_ref idref="fl-139"/>
      </object_component>
      <object_component id="oc-db">
         <name>.debug_line</name>
         <load_address>0x195b</load_address>
         <run_address>0x195b</run_address>
         <size>0x2b</size>
         <input_file_ref idref="fl-139"/>
      </object_component>
      <object_component id="oc-ba">
         <name>.debug_line</name>
         <load_address>0x1986</load_address>
         <run_address>0x1986</run_address>
         <size>0x8f</size>
         <input_file_ref idref="fl-13a"/>
      </object_component>
      <object_component id="oc-5a">
         <name>.debug_line</name>
         <load_address>0x1a15</load_address>
         <run_address>0x1a15</run_address>
         <size>0x79</size>
         <input_file_ref idref="fl-13a"/>
      </object_component>
      <object_component id="oc-be">
         <name>.debug_line</name>
         <load_address>0x1a8e</load_address>
         <run_address>0x1a8e</run_address>
         <size>0x2e</size>
         <input_file_ref idref="fl-13a"/>
      </object_component>
      <object_component id="oc-c3">
         <name>.debug_line</name>
         <load_address>0x1abc</load_address>
         <run_address>0x1abc</run_address>
         <size>0x81</size>
         <input_file_ref idref="fl-13a"/>
      </object_component>
      <object_component id="oc-f5">
         <name>.debug_line</name>
         <load_address>0x1b3d</load_address>
         <run_address>0x1b3d</run_address>
         <size>0x8e</size>
         <input_file_ref idref="fl-13b"/>
      </object_component>
      <object_component id="oc-92">
         <name>.debug_line</name>
         <load_address>0x1bcb</load_address>
         <run_address>0x1bcb</run_address>
         <size>0x68</size>
         <input_file_ref idref="fl-13b"/>
      </object_component>
      <object_component id="oc-f9">
         <name>.debug_line</name>
         <load_address>0x1c33</load_address>
         <run_address>0x1c33</run_address>
         <size>0x2e</size>
         <input_file_ref idref="fl-13b"/>
      </object_component>
      <object_component id="oc-9b">
         <name>.debug_frame</name>
         <load_address>0x0</load_address>
         <run_address>0x0</run_address>
         <size>0xb3</size>
         <input_file_ref idref="fl-2"/>
      </object_component>
      <object_component id="oc-71">
         <name>.debug_frame</name>
         <load_address>0xb3</load_address>
         <run_address>0xb3</run_address>
         <size>0xb9</size>
         <input_file_ref idref="fl-3"/>
      </object_component>
      <object_component id="oc-ae">
         <name>.debug_frame</name>
         <load_address>0x16c</load_address>
         <run_address>0x16c</run_address>
         <size>0x98</size>
         <input_file_ref idref="fl-4"/>
      </object_component>
      <object_component id="oc-15d">
         <name>.debug_frame</name>
         <load_address>0x204</load_address>
         <run_address>0x204</run_address>
         <size>0x7f</size>
         <input_file_ref idref="fl-a"/>
      </object_component>
      <object_component id="oc-163">
         <name>.debug_frame</name>
         <load_address>0x283</load_address>
         <run_address>0x283</run_address>
         <size>0x83</size>
         <input_file_ref idref="fl-a"/>
      </object_component>
      <object_component id="oc-169">
         <name>.debug_frame</name>
         <load_address>0x306</load_address>
         <run_address>0x306</run_address>
         <size>0x83</size>
         <input_file_ref idref="fl-a"/>
      </object_component>
      <object_component id="oc-16f">
         <name>.debug_frame</name>
         <load_address>0x389</load_address>
         <run_address>0x389</run_address>
         <size>0x8a</size>
         <input_file_ref idref="fl-a"/>
      </object_component>
      <object_component id="oc-197">
         <name>.debug_frame</name>
         <load_address>0x413</load_address>
         <run_address>0x413</run_address>
         <size>0x8e</size>
         <input_file_ref idref="fl-a"/>
      </object_component>
      <object_component id="oc-19d">
         <name>.debug_frame</name>
         <load_address>0x4a1</load_address>
         <run_address>0x4a1</run_address>
         <size>0x8e</size>
         <input_file_ref idref="fl-a"/>
      </object_component>
      <object_component id="oc-1a4">
         <name>.debug_frame</name>
         <load_address>0x52f</load_address>
         <run_address>0x52f</run_address>
         <size>0x92</size>
         <input_file_ref idref="fl-a"/>
      </object_component>
      <object_component id="oc-1aa">
         <name>.debug_frame</name>
         <load_address>0x5c1</load_address>
         <run_address>0x5c1</run_address>
         <size>0x92</size>
         <input_file_ref idref="fl-a"/>
      </object_component>
      <object_component id="oc-1b1">
         <name>.debug_frame</name>
         <load_address>0x653</load_address>
         <run_address>0x653</run_address>
         <size>0x92</size>
         <input_file_ref idref="fl-a"/>
      </object_component>
      <object_component id="oc-1b7">
         <name>.debug_frame</name>
         <load_address>0x6e5</load_address>
         <run_address>0x6e5</run_address>
         <size>0x92</size>
         <input_file_ref idref="fl-a"/>
      </object_component>
      <object_component id="oc-112">
         <name>.debug_frame</name>
         <load_address>0x777</load_address>
         <run_address>0x777</run_address>
         <size>0x9b</size>
         <input_file_ref idref="fl-a"/>
      </object_component>
      <object_component id="oc-185">
         <name>.debug_frame</name>
         <load_address>0x812</load_address>
         <run_address>0x812</run_address>
         <size>0x7f</size>
         <input_file_ref idref="fl-a"/>
      </object_component>
      <object_component id="oc-120">
         <name>.debug_frame</name>
         <load_address>0x891</load_address>
         <run_address>0x891</run_address>
         <size>0x7f</size>
         <input_file_ref idref="fl-a"/>
      </object_component>
      <object_component id="oc-18b">
         <name>.debug_frame</name>
         <load_address>0x910</load_address>
         <run_address>0x910</run_address>
         <size>0x7f</size>
         <input_file_ref idref="fl-a"/>
      </object_component>
      <object_component id="oc-191">
         <name>.debug_frame</name>
         <load_address>0x98f</load_address>
         <run_address>0x98f</run_address>
         <size>0x7f</size>
         <input_file_ref idref="fl-a"/>
      </object_component>
      <object_component id="oc-126">
         <name>.debug_frame</name>
         <load_address>0xa0e</load_address>
         <run_address>0xa0e</run_address>
         <size>0x9a</size>
         <input_file_ref idref="fl-a"/>
      </object_component>
      <object_component id="oc-12c">
         <name>.debug_frame</name>
         <load_address>0xaa8</load_address>
         <run_address>0xaa8</run_address>
         <size>0x9a</size>
         <input_file_ref idref="fl-a"/>
      </object_component>
      <object_component id="oc-132">
         <name>.debug_frame</name>
         <load_address>0xb42</load_address>
         <run_address>0xb42</run_address>
         <size>0x9b</size>
         <input_file_ref idref="fl-a"/>
      </object_component>
      <object_component id="oc-138">
         <name>.debug_frame</name>
         <load_address>0xbdd</load_address>
         <run_address>0xbdd</run_address>
         <size>0x7f</size>
         <input_file_ref idref="fl-a"/>
      </object_component>
      <object_component id="oc-d0">
         <name>.debug_frame</name>
         <load_address>0xc5c</load_address>
         <run_address>0xc5c</run_address>
         <size>0x96</size>
         <input_file_ref idref="fl-a"/>
      </object_component>
      <object_component id="oc-ca">
         <name>.debug_frame</name>
         <load_address>0xcf2</load_address>
         <run_address>0xcf2</run_address>
         <size>0x9a</size>
         <input_file_ref idref="fl-a"/>
      </object_component>
      <object_component id="oc-118">
         <name>.debug_frame</name>
         <load_address>0xd8c</load_address>
         <run_address>0xd8c</run_address>
         <size>0x86</size>
         <input_file_ref idref="fl-b"/>
      </object_component>
      <object_component id="oc-106">
         <name>.debug_frame</name>
         <load_address>0xe12</load_address>
         <run_address>0xe12</run_address>
         <size>0x86</size>
         <input_file_ref idref="fl-b"/>
      </object_component>
      <object_component id="oc-10c">
         <name>.debug_frame</name>
         <load_address>0xe98</load_address>
         <run_address>0xe98</run_address>
         <size>0x8a</size>
         <input_file_ref idref="fl-c"/>
      </object_component>
      <object_component id="oc-157">
         <name>.debug_frame</name>
         <load_address>0xf22</load_address>
         <run_address>0xf22</run_address>
         <size>0x7f</size>
         <input_file_ref idref="fl-c"/>
      </object_component>
      <object_component id="oc-100">
         <name>.debug_frame</name>
         <load_address>0xfa1</load_address>
         <run_address>0xfa1</run_address>
         <size>0x7f</size>
         <input_file_ref idref="fl-d"/>
      </object_component>
      <object_component id="oc-176">
         <name>.debug_frame</name>
         <load_address>0x1020</load_address>
         <run_address>0x1020</run_address>
         <size>0x7f</size>
         <input_file_ref idref="fl-d"/>
      </object_component>
      <object_component id="oc-14e">
         <name>.debug_frame</name>
         <load_address>0x109f</load_address>
         <run_address>0x109f</run_address>
         <size>0x7f</size>
         <input_file_ref idref="fl-d"/>
      </object_component>
      <object_component id="oc-12">
         <name>.debug_frame</name>
         <load_address>0x111e</load_address>
         <run_address>0x111e</run_address>
         <size>0x7f</size>
         <input_file_ref idref="fl-130"/>
      </object_component>
      <object_component id="oc-3c">
         <name>.debug_frame</name>
         <load_address>0x119d</load_address>
         <run_address>0x119d</run_address>
         <size>0x8e</size>
         <input_file_ref idref="fl-131"/>
      </object_component>
      <object_component id="oc-1b">
         <name>.debug_frame</name>
         <load_address>0x122b</load_address>
         <run_address>0x122b</run_address>
         <size>0x7f</size>
         <input_file_ref idref="fl-131"/>
      </object_component>
      <object_component id="oc-66">
         <name>.debug_frame</name>
         <load_address>0x12aa</load_address>
         <run_address>0x12aa</run_address>
         <size>0xb3</size>
         <input_file_ref idref="fl-133"/>
      </object_component>
      <object_component id="oc-55">
         <name>.debug_frame</name>
         <load_address>0x135d</load_address>
         <run_address>0x135d</run_address>
         <size>0x7f</size>
         <input_file_ref idref="fl-136"/>
      </object_component>
      <object_component id="oc-e2">
         <name>.debug_frame</name>
         <load_address>0x13dc</load_address>
         <run_address>0x13dc</run_address>
         <size>0xa1</size>
         <input_file_ref idref="fl-138"/>
      </object_component>
      <object_component id="oc-61">
         <name>.debug_frame</name>
         <load_address>0x147d</load_address>
         <run_address>0x147d</run_address>
         <size>0x7f</size>
         <input_file_ref idref="fl-139"/>
      </object_component>
      <object_component id="oc-5b">
         <name>.debug_frame</name>
         <load_address>0x14fc</load_address>
         <run_address>0x14fc</run_address>
         <size>0x8a</size>
         <input_file_ref idref="fl-13a"/>
      </object_component>
      <object_component id="oc-93">
         <name>.debug_frame</name>
         <load_address>0x1586</load_address>
         <run_address>0x1586</run_address>
         <size>0x8e</size>
         <input_file_ref idref="fl-13b"/>
      </object_component>
      <object_component id="oc-13c">
         <name>.debug_abbrev</name>
         <load_address>0x0</load_address>
         <run_address>0x0</run_address>
         <size>0xad</size>
         <input_file_ref idref="fl-2"/>
      </object_component>
      <object_component id="oc-13a">
         <name>.debug_abbrev</name>
         <load_address>0xad</load_address>
         <run_address>0xad</run_address>
         <size>0x29</size>
         <input_file_ref idref="fl-2"/>
      </object_component>
      <object_component id="oc-d4">
         <name>.debug_abbrev</name>
         <load_address>0xd6</load_address>
         <run_address>0xd6</run_address>
         <size>0xb3</size>
         <input_file_ref idref="fl-2"/>
      </object_component>
      <object_component id="oc-140">
         <name>.debug_abbrev</name>
         <load_address>0x189</load_address>
         <run_address>0x189</run_address>
         <size>0x97</size>
         <input_file_ref idref="fl-2"/>
      </object_component>
      <object_component id="oc-17c">
         <name>.debug_abbrev</name>
         <load_address>0x220</load_address>
         <run_address>0x220</run_address>
         <size>0x49</size>
         <input_file_ref idref="fl-2"/>
      </object_component>
      <object_component id="oc-b4">
         <name>.debug_abbrev</name>
         <load_address>0x269</load_address>
         <run_address>0x269</run_address>
         <size>0x1f</size>
         <input_file_ref idref="fl-2"/>
      </object_component>
      <object_component id="oc-f1">
         <name>.debug_abbrev</name>
         <load_address>0x288</load_address>
         <run_address>0x288</run_address>
         <size>0x35</size>
         <input_file_ref idref="fl-2"/>
      </object_component>
      <object_component id="oc-87">
         <name>.debug_abbrev</name>
         <load_address>0x2bd</load_address>
         <run_address>0x2bd</run_address>
         <size>0x24</size>
         <input_file_ref idref="fl-2"/>
      </object_component>
      <object_component id="oc-b0">
         <name>.debug_abbrev</name>
         <load_address>0x2e1</load_address>
         <run_address>0x2e1</run_address>
         <size>0x71</size>
         <input_file_ref idref="fl-3"/>
      </object_component>
      <object_component id="oc-72">
         <name>.debug_abbrev</name>
         <load_address>0x352</load_address>
         <run_address>0x352</run_address>
         <size>0x29</size>
         <input_file_ref idref="fl-3"/>
      </object_component>
      <object_component id="oc-af">
         <name>.debug_abbrev</name>
         <load_address>0x37b</load_address>
         <run_address>0x37b</run_address>
         <size>0x85</size>
         <input_file_ref idref="fl-3"/>
      </object_component>
      <object_component id="oc-7f">
         <name>.debug_abbrev</name>
         <load_address>0x400</load_address>
         <run_address>0x400</run_address>
         <size>0x1f</size>
         <input_file_ref idref="fl-3"/>
      </object_component>
      <object_component id="oc-146">
         <name>.debug_abbrev</name>
         <load_address>0x41f</load_address>
         <run_address>0x41f</run_address>
         <size>0x29</size>
         <input_file_ref idref="fl-4"/>
      </object_component>
      <object_component id="oc-ee">
         <name>.debug_abbrev</name>
         <load_address>0x448</load_address>
         <run_address>0x448</run_address>
         <size>0x8b</size>
         <input_file_ref idref="fl-4"/>
      </object_component>
      <object_component id="oc-178">
         <name>.debug_abbrev</name>
         <load_address>0x4d3</load_address>
         <run_address>0x4d3</run_address>
         <size>0xcd</size>
         <input_file_ref idref="fl-a"/>
      </object_component>
      <object_component id="oc-1cf">
         <name>.debug_abbrev</name>
         <load_address>0x5a0</load_address>
         <run_address>0x5a0</run_address>
         <size>0x27</size>
         <input_file_ref idref="fl-a"/>
      </object_component>
      <object_component id="oc-1c1">
         <name>.debug_abbrev</name>
         <load_address>0x5c7</load_address>
         <run_address>0x5c7</run_address>
         <size>0x6e</size>
         <input_file_ref idref="fl-a"/>
      </object_component>
      <object_component id="oc-1c2">
         <name>.debug_abbrev</name>
         <load_address>0x635</load_address>
         <run_address>0x635</run_address>
         <size>0x6e</size>
         <input_file_ref idref="fl-a"/>
      </object_component>
      <object_component id="oc-1c3">
         <name>.debug_abbrev</name>
         <load_address>0x6a3</load_address>
         <run_address>0x6a3</run_address>
         <size>0x6c</size>
         <input_file_ref idref="fl-a"/>
      </object_component>
      <object_component id="oc-1c4">
         <name>.debug_abbrev</name>
         <load_address>0x70f</load_address>
         <run_address>0x70f</run_address>
         <size>0x6e</size>
         <input_file_ref idref="fl-a"/>
      </object_component>
      <object_component id="oc-1c9">
         <name>.debug_abbrev</name>
         <load_address>0x77d</load_address>
         <run_address>0x77d</run_address>
         <size>0x7c</size>
         <input_file_ref idref="fl-a"/>
      </object_component>
      <object_component id="oc-1ca">
         <name>.debug_abbrev</name>
         <load_address>0x7f9</load_address>
         <run_address>0x7f9</run_address>
         <size>0x7c</size>
         <input_file_ref idref="fl-a"/>
      </object_component>
      <object_component id="oc-1cb">
         <name>.debug_abbrev</name>
         <load_address>0x875</load_address>
         <run_address>0x875</run_address>
         <size>0x7c</size>
         <input_file_ref idref="fl-a"/>
      </object_component>
      <object_component id="oc-1cc">
         <name>.debug_abbrev</name>
         <load_address>0x8f1</load_address>
         <run_address>0x8f1</run_address>
         <size>0x7c</size>
         <input_file_ref idref="fl-a"/>
      </object_component>
      <object_component id="oc-1cd">
         <name>.debug_abbrev</name>
         <load_address>0x96d</load_address>
         <run_address>0x96d</run_address>
         <size>0x7a</size>
         <input_file_ref idref="fl-a"/>
      </object_component>
      <object_component id="oc-1ce">
         <name>.debug_abbrev</name>
         <load_address>0x9e7</load_address>
         <run_address>0x9e7</run_address>
         <size>0x7a</size>
         <input_file_ref idref="fl-a"/>
      </object_component>
      <object_component id="oc-170">
         <name>.debug_abbrev</name>
         <load_address>0xa61</load_address>
         <run_address>0xa61</run_address>
         <size>0x7c</size>
         <input_file_ref idref="fl-a"/>
      </object_component>
      <object_component id="oc-1c6">
         <name>.debug_abbrev</name>
         <load_address>0xadd</load_address>
         <run_address>0xadd</run_address>
         <size>0x6c</size>
         <input_file_ref idref="fl-a"/>
      </object_component>
      <object_component id="oc-17f">
         <name>.debug_abbrev</name>
         <load_address>0xb49</load_address>
         <run_address>0xb49</run_address>
         <size>0x6c</size>
         <input_file_ref idref="fl-a"/>
      </object_component>
      <object_component id="oc-1c7">
         <name>.debug_abbrev</name>
         <load_address>0xbb5</load_address>
         <run_address>0xbb5</run_address>
         <size>0x6c</size>
         <input_file_ref idref="fl-a"/>
      </object_component>
      <object_component id="oc-1c8">
         <name>.debug_abbrev</name>
         <load_address>0xc21</load_address>
         <run_address>0xc21</run_address>
         <size>0x52</size>
         <input_file_ref idref="fl-a"/>
      </object_component>
      <object_component id="oc-19e">
         <name>.debug_abbrev</name>
         <load_address>0xc73</load_address>
         <run_address>0xc73</run_address>
         <size>0x7a</size>
         <input_file_ref idref="fl-a"/>
      </object_component>
      <object_component id="oc-1ab">
         <name>.debug_abbrev</name>
         <load_address>0xced</load_address>
         <run_address>0xced</run_address>
         <size>0x7a</size>
         <input_file_ref idref="fl-a"/>
      </object_component>
      <object_component id="oc-1bb">
         <name>.debug_abbrev</name>
         <load_address>0xd67</load_address>
         <run_address>0xd67</run_address>
         <size>0x7a</size>
         <input_file_ref idref="fl-a"/>
      </object_component>
      <object_component id="oc-1bc">
         <name>.debug_abbrev</name>
         <load_address>0xde1</load_address>
         <run_address>0xde1</run_address>
         <size>0x50</size>
         <input_file_ref idref="fl-a"/>
      </object_component>
      <object_component id="oc-139">
         <name>.debug_abbrev</name>
         <load_address>0xe31</load_address>
         <run_address>0xe31</run_address>
         <size>0x7c</size>
         <input_file_ref idref="fl-a"/>
      </object_component>
      <object_component id="oc-119">
         <name>.debug_abbrev</name>
         <load_address>0xead</load_address>
         <run_address>0xead</run_address>
         <size>0x7c</size>
         <input_file_ref idref="fl-a"/>
      </object_component>
      <object_component id="oc-177">
         <name>.debug_abbrev</name>
         <load_address>0xf29</load_address>
         <run_address>0xf29</run_address>
         <size>0x60</size>
         <input_file_ref idref="fl-b"/>
      </object_component>
      <object_component id="oc-14f">
         <name>.debug_abbrev</name>
         <load_address>0xf89</load_address>
         <run_address>0xf89</run_address>
         <size>0x60</size>
         <input_file_ref idref="fl-b"/>
      </object_component>
      <object_component id="oc-1be">
         <name>.debug_abbrev</name>
         <load_address>0xfe9</load_address>
         <run_address>0xfe9</run_address>
         <size>0x76</size>
         <input_file_ref idref="fl-c"/>
      </object_component>
      <object_component id="oc-150">
         <name>.debug_abbrev</name>
         <load_address>0x105f</load_address>
         <run_address>0x105f</run_address>
         <size>0x6c</size>
         <input_file_ref idref="fl-c"/>
      </object_component>
      <object_component id="oc-1c0">
         <name>.debug_abbrev</name>
         <load_address>0x10cb</load_address>
         <run_address>0x10cb</run_address>
         <size>0x52</size>
         <input_file_ref idref="fl-c"/>
      </object_component>
      <object_component id="oc-148">
         <name>.debug_abbrev</name>
         <load_address>0x111d</load_address>
         <run_address>0x111d</run_address>
         <size>0x52</size>
         <input_file_ref idref="fl-d"/>
      </object_component>
      <object_component id="oc-1c5">
         <name>.debug_abbrev</name>
         <load_address>0x116f</load_address>
         <run_address>0x116f</run_address>
         <size>0x52</size>
         <input_file_ref idref="fl-d"/>
      </object_component>
      <object_component id="oc-1bd">
         <name>.debug_abbrev</name>
         <load_address>0x11c1</load_address>
         <run_address>0x11c1</run_address>
         <size>0x52</size>
         <input_file_ref idref="fl-d"/>
      </object_component>
      <object_component id="oc-6b">
         <name>.debug_abbrev</name>
         <load_address>0x1213</load_address>
         <run_address>0x1213</run_address>
         <size>0x3e</size>
         <input_file_ref idref="fl-12f"/>
      </object_component>
      <object_component id="oc-7b">
         <name>.debug_abbrev</name>
         <load_address>0x1251</load_address>
         <run_address>0x1251</run_address>
         <size>0x52</size>
         <input_file_ref idref="fl-130"/>
      </object_component>
      <object_component id="oc-30">
         <name>.debug_abbrev</name>
         <load_address>0x12a3</load_address>
         <run_address>0x12a3</run_address>
         <size>0x74</size>
         <input_file_ref idref="fl-130"/>
      </object_component>
      <object_component id="oc-33">
         <name>.debug_abbrev</name>
         <load_address>0x1317</load_address>
         <run_address>0x1317</run_address>
         <size>0x24</size>
         <input_file_ref idref="fl-130"/>
      </object_component>
      <object_component id="oc-78">
         <name>.debug_abbrev</name>
         <load_address>0x133b</load_address>
         <run_address>0x133b</run_address>
         <size>0x24</size>
         <input_file_ref idref="fl-130"/>
      </object_component>
      <object_component id="oc-83">
         <name>.debug_abbrev</name>
         <load_address>0x135f</load_address>
         <run_address>0x135f</run_address>
         <size>0x52</size>
         <input_file_ref idref="fl-131"/>
      </object_component>
      <object_component id="oc-82">
         <name>.debug_abbrev</name>
         <load_address>0x13b1</load_address>
         <run_address>0x13b1</run_address>
         <size>0x7b</size>
         <input_file_ref idref="fl-131"/>
      </object_component>
      <object_component id="oc-3d">
         <name>.debug_abbrev</name>
         <load_address>0x142c</load_address>
         <run_address>0x142c</run_address>
         <size>0x66</size>
         <input_file_ref idref="fl-131"/>
      </object_component>
      <object_component id="oc-41">
[...]
         <name>.debug_pubnames</name>
         <load_address>0x0</load_address>
         <run_address>0x0</run_address>
         <size>0x8d2</size>
         <contents>
            <object_component_ref idref="oc-d3"/>
            <object_component_ref idref="oc-99"/>
            <object_component_ref idref="oc-29"/>
            <object_component_ref idref="oc-6f"/>
            <object_component_ref idref="oc-ed"/>
            <object_component_ref idref="oc-ac"/>
            <object_component_ref idref="oc-1ba"/>
            <object_component_ref idref="oc-15b"/>
            <object_component_ref idref="oc-161"/>
            <object_component_ref idref="oc-167"/>
            <object_component_ref idref="oc-16d"/>
            <object_component_ref idref="oc-195"/>
            <object_component_ref idref="oc-19b"/>
            <object_component_ref idref="oc-1a2"/>
            <object_component_ref idref="oc-1a8"/>
            <object_component_ref idref="oc-1af"/>
            <object_component_ref idref="oc-1b5"/>
            <object_component_ref idref="oc-110"/>
            <object_component_ref idref="oc-183"/>
            <object_component_ref idref="oc-11e"/>
            <object_component_ref idref="oc-189"/>
            <object_component_ref idref="oc-18f"/>
            <object_component_ref idref="oc-124"/>
            <object_component_ref idref="oc-12a"/>
            <object_component_ref idref="oc-130"/>
            <object_component_ref idref="oc-136"/>
            <object_component_ref idref="oc-ce"/>
            <object_component_ref idref="oc-c8"/>
            <object_component_ref idref="oc-116"/>
            <object_component_ref idref="oc-104"/>
            <object_component_ref idref="oc-10b"/>
            <object_component_ref idref="oc-156"/>
            <object_component_ref idref="oc-fe"/>
            <object_component_ref idref="oc-174"/>
            <object_component_ref idref="oc-14c"/>
            <object_component_ref idref="oc-26"/>
            <object_component_ref idref="oc-15"/>
            <object_component_ref idref="oc-3a"/>
            <object_component_ref idref="oc-19"/>
            <object_component_ref idref="oc-a3"/>
            <object_component_ref idref="oc-65"/>
            <object_component_ref idref="oc-2e"/>
            <object_component_ref idref="oc-47"/>
            <object_component_ref idref="oc-53"/>
            <object_component_ref idref="oc-6a"/>
            <object_component_ref idref="oc-a0"/>
            <object_component_ref idref="oc-e0"/>
            <object_component_ref idref="oc-5f"/>
            <object_component_ref idref="oc-59"/>
            <object_component_ref idref="oc-91"/>
         </contents>
      </logical_group>
      <logical_group id="lg-1f1" display="never" color="cyan">
         <name>.debug_pubtypes</name>
         <load_address>0x0</load_address>
         <run_address>0x0</run_address>
         <size>0x68a</size>
         <contents>
            <object_component_ref idref="oc-13f"/>
            <object_component_ref idref="oc-17b"/>
            <object_component_ref idref="oc-b3"/>
            <object_component_ref idref="oc-f0"/>
            <object_component_ref idref="oc-86"/>
            <object_component_ref idref="oc-7e"/>
            <object_component_ref idref="oc-32"/>
            <object_component_ref idref="oc-77"/>
            <object_component_ref idref="oc-40"/>
            <object_component_ref idref="oc-a6"/>
            <object_component_ref idref="oc-e6"/>
            <object_component_ref idref="oc-d9"/>
            <object_component_ref idref="oc-bc"/>
            <object_component_ref idref="oc-c1"/>
            <object_component_ref idref="oc-f7"/>
         </contents>
      </logical_group>
      <load_segment id="lg-1ff" display="no" color="cyan">
         <name>SEGMENT_0</name>
         <load_address>0x0</load_address>
         <run_address>0x0</run_address>
         <size>0x162c</size>
         <flags>0x5</flags>
         <contents>
            <logical_group_ref idref="lg-3"/>
            <logical_group_ref idref="lg-4"/>
            <logical_group_ref idref="lg-6"/>
         </contents>
      </load_segment>
      <load_segment id="lg-200" display="no" color="cyan">
         <name>SEGMENT_1</name>
         <run_address>0x20000000</run_address>
         <size>0x5c</size>
         <flags>0x6</flags>
         <contents>
            <logical_group_ref idref="lg-b"/>
         </contents>
      </load_segment>
      <load_segment id="lg-201" display="no" color="cyan">
         <name>SEGMENT_2</name>
         <run_address>0x2000fe00</run_address>
         <size>0x200</size>
         <flags>0x6</flags>
         <contents>
            <logical_group_ref idref="lg-e"/>
         </contents>
      </load_segment>
   </logical_group_list>
   <placement_map>
      <memory_area display="yes" color="green">
         <name>MAIN</name>
         <page_id>0x0</page_id>
         <origin>0x0</origin>
         <length>0x40000</length>
         <used_space>0x162c</used_space>
         <unused_space>0x3e9d4</unused_space>
         <attributes>RX</attributes>
         <usage_details>
            <allocated_space>
               <start_address>0x0</start_address>
               <size>0x140</size>
               <logical_group_ref idref="lg-3"/>
            </allocated_space>
            <allocated_space>
               <start_address>0x140</start_address>
               <size>0x1488</size>
               <logical_group_ref idref="lg-4"/>
            </allocated_space>
            <allocated_space>
               <start_address>0x15c8</start_address>
               <size>0x64</size>
               <logical_group_ref idref="lg-6"/>
            </allocated_space>
            <available_space>
               <start_address>0x162c</start_address>
               <size>0x3e9d4</size>
            </available_space>
         </usage_details>
      </memory_area>
      <memory_area display="yes" color="green">
         <name>INFO</name>
         <page_id>0x0</page_id>
         <origin>0x200000</origin>
         <length>0x4000</length>
         <used_space>0x0</used_space>
         <unused_space>0x4000</unused_space>
         <attributes>RX</attributes>
         <usage_details>
         </usage_details>
      </memory_area>
      <memory_area display="yes" color="green">
         <name>SRAM_CODE</name>
         <page_id>0x0</page_id>
         <origin>0x1000000</origin>
         <length>0x10000</length>
         <used_space>0x0</used_space>
         <unused_space>0x10000</unused_space>
         <attributes>RWX</attributes>
         <usage_details>
         </usage_details>
      </memory_area>
      <memory_area display="yes" color="green">
         <name>SRAM_DATA</name>
         <page_id>0x0</page_id>
         <origin>0x20000000</origin>
         <length>0x10000</length>
         <used_space>0x25c</used_space>
         <unused_space>0xfda4</unused_space>
         <attributes>RW</attributes>
         <usage_details>
            <allocated_space>
               <start_address>0x20000000</start_address>
               <size>0x5c</size>
               <logical_group_ref idref="lg-1d3"/>
            </allocated_space>
            <available_space>
               <start_address>0x2000005c</start_address>
               <size>0xfda4</size>
            </available_space>
            <allocated_space>
               <start_address>0x2000fe00</start_address>
               <size>0x200</size>
               <logical_group_ref idref="lg-e"/>
            </allocated_space>
         </usage_details>
      </memory_area>
   </placement_map>
   <cptbl_list>
      <cptbl>
         <name>__TI_cinit_table</name>
         <cprec>
            <name>.data</name>
            <load_address>0x15c8</load_address>
            <load_size>0x53</load_size>
            <run_address>0x20000000</run_address>
            <run_size>0x5c</run_size>
            <compression>rle</compression>
         </cprec>
      </cptbl>
   </cptbl_list>
   <handler_table>
      <handler_table_name>__TI_handler_table</handler_table_name>
      <handler>
         <index>0x0</index>
         <name>__TI_decompress_rle24</name>
      </handler>
      <handler>
         <index>0x1</index>
         <name>__TI_decompress_none</name>
      </handler>
   </handler_table>
   <symbol_table>
      <symbol id="sm-1">
         <name>WDTCTL_SYM</name>
         <value>0x4000480c</value>
      </symbol>
      <symbol id="sm-2">
         <name>__TI_CINIT_Base</name>
         <value>0x1624</value>
      </symbol>
      <symbol id="sm-3">
         <name>__TI_CINIT_Limit</name>
         <value>0x162c</value>
      </symbol>
      <symbol id="sm-4">
         <name>__TI_Handler_Table_Base</name>
         <value>0x161c</value>
      </symbol>
      <symbol id="sm-5">
         <name>__TI_Handler_Table_Limit</name>
         <value>0x1624</value>
      </symbol>
      <symbol id="sm-6">
         <name>binit</name>
         <value>0xffffffff</value>
      </symbol>
      <symbol id="sm-7">
         <name>__binit__</name>
         <value>0xffffffff</value>
      </symbol>
      <symbol id="sm-8">
         <name>__STACK_SIZE</name>
         <value>0x200</value>
      </symbol>
      <symbol id="sm-9">
         <name>__STACK_END</name>
         <value>0x20010000</value>
      </symbol>
      <symbol id="sm-a">
         <name>__c_args__</name>
         <value>0xffffffff</value>
      </symbol>
      <symbol id="sm-61">
         <name>delay_1sec</name>
         <value>0x6a5</value>
         <object_component_ref idref="oc-96"/>
      </symbol>
      <symbol id="sm-62">
         <name>port_init</name>
         <value>0x65d</value>
         <object_component_ref idref="oc-96"/>
      </symbol>
      <symbol id="sm-63">
         <name>main</name>
         <value>0x6cb</value>
         <object_component_ref idref="oc-96"/>
      </symbol>
      <symbol id="sm-64">
         <name>memory_location</name>
         <value>0x20000050</value>
         <object_component_ref idref="oc-d1"/>
      </symbol>
      <symbol id="sm-86">
         <name>interruptVectors</name>
         <value>0x0</value>
         <object_component_ref idref="oc-27"/>
      </symbol>
      <symbol id="sm-d2">
         <name>SystemInit</name>
         <value>0x3b5</value>
         <object_component_ref idref="oc-a9"/>
      </symbol>
      <symbol id="sm-d3">
         <name>SystemCoreClockUpdate</name>
         <value>0x141</value>
         <object_component_ref idref="oc-a9"/>
      </symbol>
      <symbol id="sm-d4">
         <name>SystemCoreClock</name>
         <value>0x20000058</value>
         <object_component_ref idref="oc-eb"/>
      </symbol>
      <symbol id="sm-256">
         <name>__FlashCtl_remaskBurstDataPre</name>
         <value>0xc35</value>
         <object_component_ref idref="oc-1ac"/>
      </symbol>
      <symbol id="sm-257">
         <name>FlashCtl_getInterruptStatus</name>
         <value>0x159d</value>
         <object_component_ref idref="oc-18c"/>
      </symbol>
      <symbol id="sm-258">
         <name>FlashCtl_clearProgramVerification</name>
         <value>0x1409</value>
         <object_component_ref idref="oc-186"/>
      </symbol>
      <symbol id="sm-259">
         <name>__FlashCtl_remaskData32Pre</name>
         <value>0xe75</value>
         <object_component_ref idref="oc-19f"/>
      </symbol>
      <symbol id="sm-25a">
         <name>FlashCtl_enableWordProgramming</name>
         <value>0x14c9</value>
         <object_component_ref idref="oc-11b"/>
      </symbol>
      <symbol id="sm-25b">
         <name>__FlashCtl_remaskBurstDataPost</name>
         <value>0xb51</value>
         <object_component_ref idref="oc-1b2"/>
      </symbol>
      <symbol id="sm-25c">
         <name>FlashCtl_getReadMode</name>
         <value>0x14a5</value>
         <object_component_ref idref="oc-15e"/>
      </symbol>
      <symbol id="sm-25d">
         <name>FlashCtl_setProgramVerification</name>
         <value>0x1445</value>
         <object_component_ref idref="oc-180"/>
      </symbol>
      <symbol id="sm-25e">
         <name>FlashCtl_setWaitState</name>
         <value>0x147d</value>
         <object_component_ref idref="oc-164"/>
      </symbol>
      <symbol id="sm-25f">
         <name>__FlashCtl_remaskData8Pre</name>
         <value>0x10e1</value>
         <object_component_ref idref="oc-192"/>
      </symbol>
      <symbol id="sm-260">
         <name>__FlashCtl_remaskData8Post</name>
         <value>0x1225</value>
         <object_component_ref idref="oc-198"/>
      </symbol>
      <symbol id="sm-261">
         <name>FlashCtl_disableWordProgramming</name>
         <value>0x1545</value>
         <object_component_ref idref="oc-133"/>
      </symbol>
      <symbol id="sm-262">
         <name>__FlashCtl_remaskData32Post</name>
         <value>0xdc9</value>
         <object_component_ref idref="oc-1a5"/>
      </symbol>
      <symbol id="sm-263">
         <name>FlashCtl_setReadMode</name>
         <value>0x132d</value>
         <object_component_ref idref="oc-16a"/>
      </symbol>
      <symbol id="sm-264">
         <name>FlashCtl_getWaitState</name>
         <value>0x14e9</value>
         <object_component_ref idref="oc-158"/>
      </symbol>
      <symbol id="sm-265">
         <name>FlashCtl_eraseSector</name>
         <value>0xa65</value>
         <object_component_ref idref="oc-c5"/>
      </symbol>
      <symbol id="sm-266">
         <name>FlashCtl_verifyMemory</name>
         <value>0x489</value>
         <object_component_ref idref="oc-10d"/>
      </symbol>
      <symbol id="sm-267">
         <name>FlashCtl_programMemory</name>
         <value>0x969</value>
         <object_component_ref idref="oc-cb"/>
      </symbol>
      <symbol id="sm-27b">
         <name>Interrupt_disableMaster</name>
         <value>0x1555</value>
         <object_component_ref idref="oc-101"/>
      </symbol>
      <symbol id="sm-27c">
         <name>Interrupt_enableMaster</name>
         <value>0x1565</value>
         <object_component_ref idref="oc-113"/>
      </symbol>
      <symbol id="sm-29b">
         <name>SysCtl_getFlashSize</name>
         <value>0x15a9</value>
         <object_component_ref idref="oc-152"/>
      </symbol>
      <symbol id="sm-29c">
         <name>SysCtl_getTLVInfo</name>
         <value>0x128d</value>
         <object_component_ref idref="oc-107"/>
      </symbol>
      <symbol id="sm-2b6">
         <name>CPU_cpsie</name>
         <value>0x158f</value>
         <object_component_ref idref="oc-171"/>
      </symbol>
      <symbol id="sm-2b7">
         <name>CPU_cpsid</name>
         <value>0x1583</value>
         <object_component_ref idref="oc-149"/>
      </symbol>
      <symbol id="sm-2b8">
         <name>CPU_primask</name>
         <value>0x15b5</value>
         <object_component_ref idref="oc-fb"/>
      </symbol>
      <symbol id="sm-2ca">
         <name>_c_int00</name>
         <value>0x12dd</value>
         <object_component_ref idref="oc-22"/>
      </symbol>
      <symbol id="sm-2cb">
         <name>__stack</name>
         <value>0x2000fe00</value>
         <object_component_ref idref="oc-2a"/>
      </symbol>
      <symbol id="sm-2e2">
         <name>__TI_decompress_none</name>
         <value>0x1575</value>
         <object_component_ref idref="oc-10"/>
      </symbol>
      <symbol id="sm-305">
         <name>__TI_decompress_rle24</name>
         <value>0x15bf</value>
         <object_component_ref idref="oc-16"/>
      </symbol>
      <symbol id="sm-325">
         <name>C$$EXIT</name>
         <value>0x13c5</value>
         <object_component_ref idref="oc-62"/>
      </symbol>
      <symbol id="sm-326">
         <name>abort</name>
         <value>0x13c9</value>
         <object_component_ref idref="oc-62"/>
      </symbol>
      <symbol id="sm-327">
         <name>exit</name>
         <value>0x13d1</value>
         <object_component_ref idref="oc-62"/>
      </symbol>
      <symbol id="sm-328">
         <name>__TI_dtors_ptr</name>
         <value>0x2000004c</value>
         <object_component_ref idref="oc-a1"/>
      </symbol>
      <symbol id="sm-329">
         <name>__TI_cleanup_ptr</name>
         <value>0x20000048</value>
         <object_component_ref idref="oc-a1"/>
      </symbol>
      <symbol id="sm-344">
         <name>memcpy</name>
         <value>0xfc9</value>
         <object_component_ref idref="oc-2b"/>
      </symbol>
      <symbol id="sm-345">
         <name>__aeabi_memcpy</name>
         <value>0xfc9</value>
         <object_component_ref idref="oc-2b"/>
      </symbol>
      <symbol id="sm-346">
         <name>__aeabi_memcpy8</name>
         <value>0xfc9</value>
         <object_component_ref idref="oc-2b"/>
      </symbol>
      <symbol id="sm-347">
         <name>__aeabi_memcpy4</name>
         <value>0xfc9</value>
         <object_component_ref idref="oc-2b"/>
      </symbol>
      <symbol id="sm-356">
         <name>__aeabi_memset</name>
         <value>0x1067</value>
         <object_component_ref idref="oc-44"/>
      </symbol>
      <symbol id="sm-357">
         <name>memset</name>
         <value>0x106d</value>
         <object_component_ref idref="oc-44"/>
      </symbol>
      <symbol id="sm-358">
         <name>__aeabi_memset8</name>
         <value>0x1067</value>
         <object_component_ref idref="oc-44"/>
      </symbol>
      <symbol id="sm-359">
         <name>__aeabi_memset4</name>
         <value>0x1067</value>
         <object_component_ref idref="oc-44"/>
      </symbol>
      <symbol id="sm-35a">
         <name>__aeabi_memclr8</name>
         <value>0x1065</value>
         <object_component_ref idref="oc-44"/>
      </symbol>
      <symbol id="sm-35b">
         <name>__aeabi_memclr4</name>
         <value>0x1065</value>
         <object_component_ref idref="oc-44"/>
      </symbol>
      <symbol id="sm-35c">
         <name>__aeabi_memclr</name>
         <value>0x1065</value>
         <object_component_ref idref="oc-44"/>
      </symbol>
      <symbol id="sm-366">
         <name>_system_pre_init</name>
         <value>0x15c5</value>
         <object_component_ref idref="oc-50"/>
      </symbol>
      <symbol id="sm-36e">
         <name>main_func_sp</name>
         <value>0x20000054</value>
         <object_component_ref idref="oc-68"/>
      </symbol>
      <symbol id="sm-387">
         <name>_nop</name>
         <value>0x152b</value>
         <object_component_ref idref="oc-dd"/>
      </symbol>
      <symbol id="sm-388">
         <name>_lock</name>
         <value>0x20000040</value>
         <object_component_ref idref="oc-9e"/>
      </symbol>
      <symbol id="sm-389">
         <name>_unlock</name>
         <value>0x20000044</value>
         <object_component_ref idref="oc-9e"/>
      </symbol>
      <symbol id="sm-38a">
         <name>_register_lock</name>
         <value>0x1523</value>
         <object_component_ref idref="oc-dd"/>
      </symbol>
      <symbol id="sm-38b">
         <name>_register_unlock</name>
         <value>0x151d</value>
         <object_component_ref idref="oc-dd"/>
      </symbol>
      <symbol id="sm-3a0">
         <name>_args_main</name>
         <value>0x1505</value>
         <object_component_ref idref="oc-5c"/>
      </symbol>
      <symbol id="sm-3c6">
         <name>__TI_auto_init</name>
         <value>0x114d</value>
         <object_component_ref idref="oc-56"/>
      </symbol>
      <symbol id="sm-3e0">
         <name>copy_in</name>
         <value>0x1379</value>
         <object_component_ref idref="oc-8e"/>
      </symbol>
      <symbol id="sm-3e1">
         <name>__TI_static_base__</name>
         <value>0x0</value>
      </symbol>
      <symbol id="sm-3e4">
         <name>SHT$$INIT_ARRAY$$Limit</name>
         <value>0x0</value>
      </symbol>
      <symbol id="sm-3e5">
         <name>SHT$$INIT_ARRAY$$Base</name>
         <value>0x0</value>
      </symbol>
   </symbol_table>
   <title>Link successful</title>
</link_info>
