******************************************************************************
                  TI ARM Linker PC v5.2.6                      
******************************************************************************
>> Linked Tue Feb 16 21:46:35 2016

OUTPUT FILE NAME:   <ECE461_Challenge1.out>
ENTRY POINT SYMBOL: "_c_int00"  address: 000018ed


MEMORY CONFIGURATION

         name            origin    length      used     unused   attr    fill
----------------------  --------  ---------  --------  --------  ----  --------
  MAIN                  00000000   00040000  00001c3c  0003e3c4  R  X
  INFO                  00200000   00004000  00000000  00004000  R  X
  SRAM_CODE             01000000   00010000  00000000  00010000  RW X
  SRAM_DATA             20000000   00010000  00000258  0000fda8  RW  


SEGMENT ALLOCATION MAP

run origin  load origin   length   init length attrs members
----------  ----------- ---------- ----------- ----- -------
00000000    00000000    00001c3c   00001c3c    r-x
  00000000    00000000    00000140   00000140    r-- .intvecs
  00000140    00000140    00001a98   00001a98    r-x .text
  00001bd8    00001bd8    00000064   00000064    r-- .cinit
20000000    20000000    00000058   00000000    rw-
  20000000    20000000    00000058   00000000    rw- .data
2000fe00    2000fe00    00000200   00000000    rw-
  2000fe00    2000fe00    00000200   00000000    rw- .stack


SECTION ALLOCATION MAP

 output                                  attributes/
section   page    origin      length       input sections
--------  ----  ----------  ----------   ----------------
.intvecs   0    00000000    00000140     
                  00000000    00000140     startup_msp432p401r_ccs.obj (.intvecs:retain)

.text      0    00000140    00001a98     
                  00000140    0000079c     main.obj (.text)
                  000008dc    00000348     system_msp432p401r.obj (.text)
                  00000c24    000001d4     msp432p4xx_driverlib.lib : flash.o (.text:FlashCtl_verifyMemory)
                  00000df8    00000180                              : flash.o (.text:_FlashCtl_ProgramBurst)
                  00000f78    000000fa                              : flash.o (.text:FlashCtl_programMemory)
                  00001072    00000002     --HOLE-- [fill = 0]
                  00001074    000000ec                              : flash.o (.text:FlashCtl_eraseSector)
                  00001160    000000e4                              : flash.o (.text:__FlashCtl_remaskBurstDataPost)
                  00001244    000000e4                              : flash.o (.text:__FlashCtl_remaskBurstDataPre)
                  00001328    000000b0                              : flash.o (.text:_FlashCtl_Program32)
                  000013d8    000000ac                              : flash.o (.text:__FlashCtl_remaskData32Post)
                  00001484    000000ac                              : flash.o (.text:__FlashCtl_remaskData32Pre)
                  00001530    000000a8                              : flash.o (.text:_FlashCtl_Program8)
                  000015d8    0000009c     rtsv7M4_T_le_v4SPD16_eabi.lib : memcpy_t2.obj (.text)
                  00001674    0000007a                                   : memset_t2.obj (.text)
                  000016ee    00000002     --HOLE-- [fill = 0]
                  000016f0    0000006c     msp432p4xx_driverlib.lib : flash.o (.text:__FlashCtl_remaskData8Pre)
                  0000175c    0000006c     rtsv7M4_T_le_v4SPD16_eabi.lib : autoinit.obj (.text)
                  000017c8    0000006a                                   : copy_decompress_rle.obj (.text)
                  00001832    00000002     --HOLE-- [fill = 0]
                  00001834    00000068     msp432p4xx_driverlib.lib : flash.o (.text:__FlashCtl_remaskData8Post)
                  0000189c    00000050                              : sysctl.o (.text:SysCtl_getTLVInfo)
                  000018ec    00000050     rtsv7M4_T_le_v4SPD16_eabi.lib : boot.obj (.text)
                  0000193c    0000004c     msp432p4xx_driverlib.lib : flash.o (.text:FlashCtl_setReadMode)
                  00001988    0000004c     rtsv7M4_T_le_v4SPD16_eabi.lib : cpy_tbl.obj (.text)
                  000019d4    00000044                                   : exit.obj (.text)
                  00001a18    0000003c     msp432p4xx_driverlib.lib : flash.o (.text:FlashCtl_clearProgramVerification)
                  00001a54    00000038                              : flash.o (.text:FlashCtl_setProgramVerification)
                  00001a8c    00000028                              : flash.o (.text:FlashCtl_setWaitState)
                  00001ab4    00000024                              : flash.o (.text:FlashCtl_getReadMode)
                  00001ad8    00000020                              : flash.o (.text:FlashCtl_enableWordProgramming)
                  00001af8    0000001c                              : flash.o (.text:FlashCtl_getWaitState)
                  00001b14    00000018     rtsv7M4_T_le_v4SPD16_eabi.lib : args_main.obj (.text)
                  00001b2c    00000014                                   : _lock.obj (.text)
                  00001b40    00000012     startup_msp432p401r_ccs.obj (.text)
                  00001b52    00000002     --HOLE-- [fill = 0]
                  00001b54    00000010     msp432p4xx_driverlib.lib : flash.o (.text:FlashCtl_disableWordProgramming)
                  00001b64    00000010                              : interrupt.o (.text:Interrupt_disableMaster)
                  00001b74    00000010                              : interrupt.o (.text:Interrupt_enableMaster)
                  00001b84    0000000e     rtsv7M4_T_le_v4SPD16_eabi.lib : copy_decompress_none.obj (.text:decompress:none)
                  00001b92    0000000c     msp432p4xx_driverlib.lib : cpu.o (.text:CPU_cpsid)
                  00001b9e    0000000c                              : cpu.o (.text:CPU_cpsie)
                  00001baa    00000002     --HOLE-- [fill = 0]
                  00001bac    0000000c                              : flash.o (.text:FlashCtl_getInterruptStatus)
                  00001bb8    0000000c                              : sysctl.o (.text:SysCtl_getFlashSize)
                  00001bc4    0000000a                              : cpu.o (.text:CPU_primask)
                  00001bce    00000006     rtsv7M4_T_le_v4SPD16_eabi.lib : copy_decompress_rle.obj (.text:decompress:rle24)
                  00001bd4    00000004                                   : pre_init.obj (.text)

.cinit     0    00001bd8    00000064     
                  00001bd8    00000053     (.cinit..data.load) [load image, compression = rle]
                  00001c2b    00000001     --HOLE-- [fill = 0]
                  00001c2c    00000008     (__TI_handler_table)
                  00001c34    00000008     (__TI_cinit_table)

.init_array 
*          0    00000000    00000000     UNINITIALIZED

.data      0    20000000    00000058     UNINITIALIZED
                  20000000    00000040     msp432p4xx_driverlib.lib : flash.o (.data:__getBurstProgramRegs)
                  20000040    00000008     rtsv7M4_T_le_v4SPD16_eabi.lib : _lock.obj (.data)
                  20000048    00000008                                   : exit.obj (.data)
                  20000050    00000004                                   : stkdepth_vars.obj (.data)
                  20000054    00000004     system_msp432p401r.obj (.data)

.TI.persistent 
*          0    20000000    00000000     UNINITIALIZED

.stack     0    2000fe00    00000200     UNINITIALIZED
                  2000fe00    00000200     --HOLE--


LINKER GENERATED COPY TABLES

__TI_cinit_table @ 00001c34 records: 1, size/record: 8, table size: 8
	.data: load addr=00001bd8, load size=00000053 bytes, run addr=20000000, run size=00000058 bytes, compression=rle


LINKER GENERATED HANDLER TABLE

__TI_handler_table @ 00001c2c records: 2, size/record: 4, table size: 8
	index: 0, handler: __TI_decompress_rle24
	index: 1, handler: __TI_decompress_none


GLOBAL SYMBOLS: SORTED ALPHABETICALLY BY Name 

address   name                             
-------   ----                             
000019d5  C$$EXIT                          
00001b93  CPU_cpsid                        
00001b9f  CPU_cpsie                        
00001bc5  CPU_primask                      
00001a19  FlashCtl_clearProgramVerification
00001b55  FlashCtl_disableWordProgramming  
00001ad9  FlashCtl_enableWordProgramming   
00001075  FlashCtl_eraseSector             
00001bad  FlashCtl_getInterruptStatus      
00001ab5  FlashCtl_getReadMode             
00001af9  FlashCtl_getWaitState            
00000f79  FlashCtl_programMemory           
00001a55  FlashCtl_setProgramVerification  
0000193d  FlashCtl_setReadMode             
00001a8d  FlashCtl_setWaitState            
00000c25  FlashCtl_verifyMemory            
00001b65  Interrupt_disableMaster          
00001b75  Interrupt_enableMaster           
UNDEFED   SHT$$INIT_ARRAY$$Base            
UNDEFED   SHT$$INIT_ARRAY$$Limit           
00001bb9  SysCtl_getFlashSize              
0000189d  SysCtl_getTLVInfo                
20000054  SystemCoreClock                  
000008dd  SystemCoreClockUpdate            
00000b51  SystemInit                       
4000480c  WDTCTL_SYM                       
00001161  __FlashCtl_remaskBurstDataPost   
00001245  __FlashCtl_remaskBurstDataPre    
000013d9  __FlashCtl_remaskData32Post      
00001485  __FlashCtl_remaskData32Pre       
00001835  __FlashCtl_remaskData8Post       
000016f1  __FlashCtl_remaskData8Pre        
20010000  __STACK_END                      
00000200  __STACK_SIZE                     
00001c34  __TI_CINIT_Base                  
00001c3c  __TI_CINIT_Limit                 
00001c2c  __TI_Handler_Table_Base          
00001c34  __TI_Handler_Table_Limit         
0000175d  __TI_auto_init                   
20000048  __TI_cleanup_ptr                 
00001b85  __TI_decompress_none             
00001bcf  __TI_decompress_rle24            
2000004c  __TI_dtors_ptr                   
00000000  __TI_static_base__               
00001675  __aeabi_memclr                   
00001675  __aeabi_memclr4                  
00001675  __aeabi_memclr8                  
000015d9  __aeabi_memcpy                   
000015d9  __aeabi_memcpy4                  
000015d9  __aeabi_memcpy8                  
00001677  __aeabi_memset                   
00001677  __aeabi_memset4                  
00001677  __aeabi_memset8                  
ffffffff  __binit__                        
ffffffff  __c_args__                       
2000fe00  __stack                          
00001b15  _args_main                       
000018ed  _c_int00                         
20000040  _lock                            
00001b3b  _nop                             
00001b33  _register_lock                   
00001b2d  _register_unlock                 
00001bd5  _system_pre_init                 
20000044  _unlock                          
000019d9  abort                            
ffffffff  binit                            
000001af  button_check                     
00001989  copy_in                          
00000189  delay_1sec                       
000019e1  exit                             
00000000  interruptVectors                 
000001f1  main                             
20000050  main_func_sp                     
000015d9  memcpy                           
0000167d  memset                           
00000141  port_init                        


GLOBAL SYMBOLS: SORTED BY Symbol Address 

address   name                             
-------   ----                             
00000000  __TI_static_base__               
00000000  interruptVectors                 
00000141  port_init                        
00000189  delay_1sec                       
000001af  button_check                     
000001f1  main                             
00000200  __STACK_SIZE                     
000008dd  SystemCoreClockUpdate            
00000b51  SystemInit                       
00000c25  FlashCtl_verifyMemory            
00000f79  FlashCtl_programMemory           
00001075  FlashCtl_eraseSector             
00001161  __FlashCtl_remaskBurstDataPost   
00001245  __FlashCtl_remaskBurstDataPre    
000013d9  __FlashCtl_remaskData32Post      
00001485  __FlashCtl_remaskData32Pre       
000015d9  __aeabi_memcpy                   
000015d9  __aeabi_memcpy4                  
000015d9  __aeabi_memcpy8                  
000015d9  memcpy                           
00001675  __aeabi_memclr                   
00001675  __aeabi_memclr4                  
00001675  __aeabi_memclr8                  
00001677  __aeabi_memset                   
00001677  __aeabi_memset4                  
00001677  __aeabi_memset8                  
0000167d  memset                           
000016f1  __FlashCtl_remaskData8Pre        
0000175d  __TI_auto_init                   
00001835  __FlashCtl_remaskData8Post       
0000189d  SysCtl_getTLVInfo                
000018ed  _c_int00                         
0000193d  FlashCtl_setReadMode             
00001989  copy_in                          
000019d5  C$$EXIT                          
000019d9  abort                            
000019e1  exit                             
00001a19  FlashCtl_clearProgramVerification
00001a55  FlashCtl_setProgramVerification  
00001a8d  FlashCtl_setWaitState            
00001ab5  FlashCtl_getReadMode             
00001ad9  FlashCtl_enableWordProgramming   
00001af9  FlashCtl_getWaitState            
00001b15  _args_main                       
00001b2d  _register_unlock                 
00001b33  _register_lock                   
00001b3b  _nop                             
00001b55  FlashCtl_disableWordProgramming  
00001b65  Interrupt_disableMaster          
00001b75  Interrupt_enableMaster           
00001b85  __TI_decompress_none             
00001b93  CPU_cpsid                        
00001b9f  CPU_cpsie                        
00001bad  FlashCtl_getInterruptStatus      
00001bb9  SysCtl_getFlashSize              
00001bc5  CPU_primask                      
00001bcf  __TI_decompress_rle24            
00001bd5  _system_pre_init                 
00001c2c  __TI_Handler_Table_Base          
00001c34  __TI_CINIT_Base                  
00001c34  __TI_Handler_Table_Limit         
00001c3c  __TI_CINIT_Limit                 
20000040  _lock                            
20000044  _unlock                          
20000048  __TI_cleanup_ptr                 
2000004c  __TI_dtors_ptr                   
20000050  main_func_sp                     
20000054  SystemCoreClock                  
2000fe00  __stack                          
20010000  __STACK_END                      
4000480c  WDTCTL_SYM                       
ffffffff  __binit__                        
ffffffff  __c_args__                       
ffffffff  binit                            
UNDEFED   SHT$$INIT_ARRAY$$Base            
UNDEFED   SHT$$INIT_ARRAY$$Limit           

[76 symbols]
